Archive member included because of file (symbol)

C:\Users\pat spagnardi\AppData\Local\Temp\VMBuilds\RegisteringServices\Anidea Engineering_anidea engineering_samd_ae_fx450\Release/core.a(cortex_handlers.c.o)
                              (Reset_Handler)
C:\Users\pat spagnardi\AppData\Local\Temp\VMBuilds\RegisteringServices\Anidea Engineering_anidea engineering_samd_ae_fx450\Release/core.a(delay.c.o)
                              C:\Users\pat spagnardi\AppData\Local\Temp\VMBuilds\RegisteringServices\Anidea Engineering_anidea engineering_samd_ae_fx450\Release\Ethernet2\Dhcp.cpp.o (millis)
C:\Users\pat spagnardi\AppData\Local\Temp\VMBuilds\RegisteringServices\Anidea Engineering_anidea engineering_samd_ae_fx450\Release/core.a(hooks.c.o)
                              C:\Users\pat spagnardi\AppData\Local\Temp\VMBuilds\RegisteringServices\Anidea Engineering_anidea engineering_samd_ae_fx450\Release/core.a(delay.c.o) (yield)
C:\Users\pat spagnardi\AppData\Local\Temp\VMBuilds\RegisteringServices\Anidea Engineering_anidea engineering_samd_ae_fx450\Release/core.a(startup.c.o)
                              C:\Users\pat spagnardi\AppData\Local\Temp\VMBuilds\RegisteringServices\Anidea Engineering_anidea engineering_samd_ae_fx450\Release/core.a(cortex_handlers.c.o) (SystemInit)
C:\Users\pat spagnardi\AppData\Local\Temp\VMBuilds\RegisteringServices\Anidea Engineering_anidea engineering_samd_ae_fx450\Release/core.a(wiring.c.o)
                              C:\Users\pat spagnardi\AppData\Local\Temp\VMBuilds\RegisteringServices\Anidea Engineering_anidea engineering_samd_ae_fx450\Release/core.a(startup.c.o) (SystemCoreClock)
C:\Users\pat spagnardi\AppData\Local\Temp\VMBuilds\RegisteringServices\Anidea Engineering_anidea engineering_samd_ae_fx450\Release/core.a(wiring_analog.c.o)
                              C:\Users\pat spagnardi\AppData\Local\Temp\VMBuilds\RegisteringServices\Anidea Engineering_anidea engineering_samd_ae_fx450\Release/core.a(wiring.c.o) (analogReference)
C:\Users\pat spagnardi\AppData\Local\Temp\VMBuilds\RegisteringServices\Anidea Engineering_anidea engineering_samd_ae_fx450\Release/core.a(wiring_digital.c.o)
                              C:\Users\pat spagnardi\AppData\Local\Temp\VMBuilds\RegisteringServices\Anidea Engineering_anidea engineering_samd_ae_fx450\Release\Ethernet2\utility\w5500.cpp.o (pinMode)
C:\Users\pat spagnardi\AppData\Local\Temp\VMBuilds\RegisteringServices\Anidea Engineering_anidea engineering_samd_ae_fx450\Release/core.a(wiring_private.c.o)
                              C:\Users\pat spagnardi\AppData\Local\Temp\VMBuilds\RegisteringServices\Anidea Engineering_anidea engineering_samd_ae_fx450\Release\SPI\SPI.cpp.o (pinPeripheral)
C:\Users\pat spagnardi\AppData\Local\Temp\VMBuilds\RegisteringServices\Anidea Engineering_anidea engineering_samd_ae_fx450\Release/core.a(abi.cpp.o)
                              C:\Users\pat spagnardi\AppData\Local\Temp\VMBuilds\RegisteringServices\Anidea Engineering_anidea engineering_samd_ae_fx450\Release\Ethernet2\Ethernet2.cpp.o (__cxa_pure_virtual)
C:\Users\pat spagnardi\AppData\Local\Temp\VMBuilds\RegisteringServices\Anidea Engineering_anidea engineering_samd_ae_fx450\Release/core.a(IPAddress.cpp.o)
                              C:\Users\pat spagnardi\AppData\Local\Temp\VMBuilds\RegisteringServices\Anidea Engineering_anidea engineering_samd_ae_fx450\Release\Ethernet2\Ethernet2.cpp.o (IPAddress::IPAddress())
C:\Users\pat spagnardi\AppData\Local\Temp\VMBuilds\RegisteringServices\Anidea Engineering_anidea engineering_samd_ae_fx450\Release/core.a(main.cpp.o)
                              c:/users/pat spagnardi/appdata/local/arduino15/packages/arduino/tools/arm-none-eabi-gcc/4.8.3-2014q1/bin/../lib/gcc/arm-none-eabi/4.8.3/../../../../arm-none-eabi/lib/armv6-m/crt0.o (main)
C:\Users\pat spagnardi\AppData\Local\Temp\VMBuilds\RegisteringServices\Anidea Engineering_anidea engineering_samd_ae_fx450\Release/core.a(new.cpp.o)
                              C:\Users\pat spagnardi\AppData\Local\Temp\VMBuilds\RegisteringServices\Anidea Engineering_anidea engineering_samd_ae_fx450\Release\Ethernet2\Ethernet2.cpp.o (operator new(unsigned int))
C:\Users\pat spagnardi\AppData\Local\Temp\VMBuilds\RegisteringServices\Anidea Engineering_anidea engineering_samd_ae_fx450\Release/core.a(Print.cpp.o)
                              C:\Users\pat spagnardi\AppData\Local\Temp\VMBuilds\RegisteringServices\Anidea Engineering_anidea engineering_samd_ae_fx450\Release\Ethernet2\EthernetClient.cpp.o (Print::write(unsigned char const*, unsigned int))
C:\Users\pat spagnardi\AppData\Local\Temp\VMBuilds\RegisteringServices\Anidea Engineering_anidea engineering_samd_ae_fx450\Release/core.a(Reset.cpp.o)
                              C:\Users\pat spagnardi\AppData\Local\Temp\VMBuilds\RegisteringServices\Anidea Engineering_anidea engineering_samd_ae_fx450\Release/core.a(delay.c.o) (tickReset)
[...]
Memory Configuration

Name             Origin             Length             Attributes
FLASH            0x00002000         0x0003e000         xr
RAM              0x20000000         0x00008000         xrw
*default*        0x00000000         0xffffffff

Linker script and memory map

LOAD c:/users/pat spagnardi/appdata/local/arduino15/packages/arduino/tools/arm-none-eabi-gcc/4.8.3-2014q1/bin/../lib/gcc/arm-none-eabi/4.8.3/armv6-m/crti.o
LOAD c:/users/pat spagnardi/appdata/local/arduino15/packages/arduino/tools/arm-none-eabi-gcc/4.8.3-2014q1/bin/../lib/gcc/arm-none-eabi/4.8.3/armv6-m/crtbegin.o
LOAD c:/users/pat spagnardi/appdata/local/arduino15/packages/arduino/tools/arm-none-eabi-gcc/4.8.3-2014q1/bin/../lib/gcc/arm-none-eabi/4.8.3/../../../../arm-none-eabi/lib/armv6-m/crt0.o
LOAD C:\Users\pat spagnardi\AppData\Local\Temp\VMBuilds\RegisteringServices\Anidea Engineering_anidea engineering_samd_ae_fx450\Release\RegisteringServices.cpp.o
LOAD C:\Users\pat spagnardi\AppData\Local\Temp\VMBuilds\RegisteringServices\Anidea Engineering_anidea engineering_samd_ae_fx450\Release\Ethernet2\Dhcp.cpp.o
LOAD C:\Users\pat spagnardi\AppData\Local\Temp\VMBuilds\RegisteringServices\Anidea Engineering_anidea engineering_samd_ae_fx450\Release\Ethernet2\Dns.cpp.o
LOAD C:\Users\pat spagnardi\AppData\Local\Temp\VMBuilds\RegisteringServices\Anidea Engineering_anidea engineering_samd_ae_fx450\Release\Ethernet2\Ethernet2.cpp.o
LOAD C:\Users\pat spagnardi\AppData\Local\Temp\VMBuilds\RegisteringServices\Anidea Engineering_anidea engineering_samd_ae_fx450\Release\Ethernet2\EthernetClient.cpp.o
LOAD C:\Users\pat spagnardi\AppData\Local\Temp\VMBuilds\RegisteringServices\Anidea Engineering_anidea engineering_samd_ae_fx450\Release\Ethernet2\EthernetServer.cpp.o
LOAD C:\Users\pat spagnardi\AppData\Local\Temp\VMBuilds\RegisteringServices\Anidea Engineering_anidea engineering_samd_ae_fx450\Release\Ethernet2\EthernetUdp2.cpp.o
LOAD C:\Users\pat spagnardi\AppData\Local\Temp\VMBuilds\RegisteringServices\Anidea Engineering_anidea engineering_samd_ae_fx450\Release\Ethernet2\Twitter.cpp.o
LOAD C:\Users\pat spagnardi\AppData\Local\Temp\VMBuilds\RegisteringServices\Anidea Engineering_anidea engineering_samd_ae_fx450\Release\Ethernet2\utility\socket.cpp.o
LOAD C:\Users\pat spagnardi\AppData\Local\Temp\VMBuilds\RegisteringServices\Anidea Engineering_anidea engineering_samd_ae_fx450\Release\Ethernet2\utility\w5500.cpp.o
LOAD C:\Users\pat spagnardi\AppData\Local\Temp\VMBuilds\RegisteringServices\Anidea Engineering_anidea engineering_samd_ae_fx450\Release\ArduinoMDNS-master\MDNS.cpp.o
LOAD C:\Users\pat spagnardi\AppData\Local\Temp\VMBuilds\RegisteringServices\Anidea Engineering_anidea engineering_samd_ae_fx450\Release\ArduinoMDNS-master\utility\EthernetUtil.c.o
LOAD C:\Users\pat spagnardi\AppData\Local\Temp\VMBuilds\RegisteringServices\Anidea Engineering_anidea engineering_samd_ae_fx450\Release\SPI\SPI.cpp.o
LOAD C:\Users\pat spagnardi\AppData\Local\Temp\VMBuilds\RegisteringServices\Anidea Engineering_anidea engineering_samd_ae_fx450\Release\variant\variant.cpp.o
START GROUP
LOAD C:\Users\pat spagnardi\AppData\Local\arduino15\packages\arduino\tools\CMSIS\4.5.0/CMSIS/Lib/GCC/\libarm_cortexM0l_math.a
LOAD c:/users/pat spagnardi/appdata/local/arduino15/packages/arduino/tools/arm-none-eabi-gcc/4.8.3-2014q1/bin/../lib/gcc/arm-none-eabi/4.8.3/../../../../arm-none-eabi/lib/armv6-m\libm.a
LOAD C:\Users\pat spagnardi\AppData\Local\Temp\VMBuilds\RegisteringServices\Anidea Engineering_anidea engineering_samd_ae_fx450\Release/core.a
END GROUP
START GROUP
LOAD c:/users/pat spagnardi/appdata/local/arduino15/packages/arduino/tools/arm-none-eabi-gcc/4.8.3-2014q1/bin/../lib/gcc/arm-none-eabi/4.8.3/armv6-m\libgcc.a
LOAD c:/users/pat spagnardi/appdata/local/arduino15/packages/arduino/tools/arm-none-eabi-gcc/4.8.3-2014q1/bin/../lib/gcc/arm-none-eabi/4.8.3/../../../../arm-none-eabi/lib/armv6-m\libc_s.a
END GROUP
START GROUP
LOAD c:/users/pat spagnardi/appdata/local/arduino15/packages/arduino/tools/arm-none-eabi-gcc/4.8.3-2014q1/bin/../lib/gcc/arm-none-eabi/4.8.3/armv6-m\libgcc.a
LOAD c:/users/pat spagnardi/appdata/local/arduino15/packages/arduino/tools/arm-none-eabi-gcc/4.8.3-2014q1/bin/../lib/gcc/arm-none-eabi/4.8.3/../../../../arm-none-eabi/lib/armv6-m\libc_s.a
LOAD c:/users/pat spagnardi/appdata/local/arduino15/packages/arduino/tools/arm-none-eabi-gcc/4.8.3-2014q1/bin/../lib/gcc/arm-none-eabi/4.8.3/../../../../arm-none-eabi/lib/armv6-m\libnosys.a
END GROUP
START GROUP
LOAD c:/users/pat spagnardi/appdata/local/arduino15/packages/arduino/tools/arm-none-eabi-gcc/4.8.3-2014q1/bin/../lib/gcc/arm-none-eabi/4.8.3/armv6-m\libgcc.a
LOAD c:/users/pat spagnardi/appdata/local/arduino15/packages/arduino/tools/arm-none-eabi-gcc/4.8.3-2014q1/bin/../lib/gcc/arm-none-eabi/4.8.3/../../../../arm-none-eabi/lib/armv6-m\libc_s.a
LOAD c:/users/pat spagnardi/appdata/local/arduino15/packages/arduino/tools/arm-none-eabi-gcc/4.8.3-2014q1/bin/../lib/gcc/arm-none-eabi/4.8.3/../../../../arm-none-eabi/lib/armv6-m\libnosys.a
END GROUP
LOAD c:/users/pat spagnardi/appdata/local/arduino15/packages/arduino/tools/arm-none-eabi-gcc/4.8.3-2014q1/bin/../lib/gcc/arm-none-eabi/4.8.3/armv6-m/crtend.o
LOAD c:/users/pat spagnardi/appdata/local/arduino15/packages/arduino/tools/arm-none-eabi-gcc/4.8.3-2014q1/bin/../lib/gcc/arm-none-eabi/4.8.3/armv6-m/crtn.o

.text           0x00002000     0x5bfc
                0x00002000                __text_start__ = .
 *(.sketch_boot)
                0x00002000                . = ALIGN (0x2000)
 *(.isr_vector)
 .isr_vector    0x00002000       0xb4 C:\Users\pat spagnardi\AppData\Local\Temp\VMBuilds\RegisteringServices\Anidea Engineering_anidea engineering_samd_ae_fx450\Release/core.a(cortex_handlers.c.o)
                0x00002000                exception_table
 *(.text*)
 .text          0x000020b4       0x60 c:/users/pat spagnardi/appdata/local/arduino15/packages/arduino/tools/arm-none-eabi-gcc/4.8.3-2014q1/bin/../lib/gcc/arm-none-eabi/4.8.3/armv6-m/crtbegin.o
 .text.startup._GLOBAL__sub_I_udp
                0x00002114       0x50 C:\Users\pat spagnardi\AppData\Local\Temp\VMBuilds\RegisteringServices\Anidea Engineering_anidea engineering_samd_ae_fx450\Release\RegisteringServices.cpp.o
 .text.setup    0x00002164       0x80 C:\Users\pat spagnardi\AppData\Local\Temp\VMBuilds\RegisteringServices\Anidea Engineering_anidea engineering_samd_ae_fx450\Release\RegisteringServices.cpp.o
                0x00002164                setup
 .text.loop     0x000021e4       0xa0 C:\Users\pat spagnardi\AppData\Local\Temp\VMBuilds\RegisteringServices\Anidea Engineering_anidea engineering_samd_ae_fx450\Release\RegisteringServices.cpp.o
                0x000021e4                loop
 .text._ZN9DhcpClass16reset_DHCP_leaseEv
                0x00002284        0xe C:\Users\pat spagnardi\AppData\Local\Temp\VMBuilds\RegisteringServices\Anidea Engineering_anidea engineering_samd_ae_fx450\Release\Ethernet2\Dhcp.cpp.o
                0x00002284                DhcpClass::reset_DHCP_lease()
 .text._ZN9DhcpClass10getLocalIpEv
                0x00002292        0xe C:\Users\pat spagnardi\AppData\Local\Temp\VMBuilds\RegisteringServices\Anidea Engineering_anidea engineering_samd_ae_fx450\Release\Ethernet2\Dhcp.cpp.o
                0x00002292                DhcpClass::getLocalIp()
 .text._ZN9DhcpClass13getSubnetMaskEv
                0x000022a0        0xe C:\Users\pat spagnardi\AppData\Local\Temp\VMBuilds\RegisteringServices\Anidea Engineering_anidea engineering_samd_ae_fx450\Release\Ethernet2\Dhcp.cpp.o
                0x000022a0                DhcpClass::getSubnetMask()
 .text._ZN9DhcpClass12getGatewayIpEv
                0x000022ae        0xe C:\Users\pat spagnardi\AppData\Local\Temp\VMBuilds\RegisteringServices\Anidea Engineering_anidea engineering_samd_ae_fx450\Release\Ethernet2\Dhcp.cpp.o
                0x000022ae                DhcpClass::getGatewayIp()
 .text._ZN9DhcpClass14getDnsServerIpEv
                0x000022bc        0xe C:\Users\pat spagnardi\AppData\Local\Temp\VMBuilds\RegisteringServices\Anidea Engineering_anidea engineering_samd_ae_fx450\Release\Ethernet2\Dhcp.cpp.o
                0x000022bc                DhcpClass::getDnsServerIp()
 .text._ZN9DhcpClass16getDnsDomainNameEv
                0x000022ca        0x4 C:\Users\pat spagnardi\AppData\Local\Temp\VMBuilds\RegisteringServices\Anidea Engineering_anidea engineering_samd_ae_fx450\Release\Ethernet2\Dhcp.cpp.o
                0x000022ca                DhcpClass::getDnsDomainName()
 .text._ZN9DhcpClass11getHostNameEv
                0x000022ce        0x4 C:\Users\pat spagnardi\AppData\Local\Temp\VMBuilds\RegisteringServices\Anidea Engineering_anidea engineering_samd_ae_fx450\Release\Ethernet2\Dhcp.cpp.o
                0x000022ce                DhcpClass::getHostName()
 .text._ZN9DhcpClass9printByteEPch
                0x000022d2       0x28 C:\Users\pat spagnardi\AppData\Local\Temp\VMBuilds\RegisteringServices\Anidea Engineering_anidea engineering_samd_ae_fx450\Release\Ethernet2\Dhcp.cpp.o
                0x000022d2                DhcpClass::printByte(char*, unsigned char)
 *fill*         0x000022fa        0x2 
 .text.startup._GLOBAL__sub_I__ZN9DhcpClass13beginWithDHCPEPhmm
                0x000022fc       0x18 C:\Users\pat spagnardi\AppData\Local\Temp\VMBuilds\RegisteringServices\Anidea Engineering_anidea engineering_samd_ae_fx450\Release\Ethernet2\Dhcp.cpp.o
 .text._ZN9DhcpClass17send_DHCP_MESSAGEEht
                0x00002314      0x1a0 C:\Users\pat spagnardi\AppData\Local\Temp\VMBuilds\RegisteringServices\Anidea Engineering_anidea engineering_samd_ae_fx450\Release\Ethernet2\Dhcp.cpp.o
                0x00002314                DhcpClass::send_DHCP_MESSAGE(unsigned char, unsigned short)
 .text._ZN9DhcpClass17parseDHCPResponseEmRm
                0x000024b4      0x260 C:\Users\pat spagnardi\AppData\Local\Temp\VMBuilds\RegisteringServices\Anidea Engineering_anidea engineering_samd_ae_fx450\Release\Ethernet2\Dhcp.cpp.o
                0x000024b4                DhcpClass::parseDHCPResponse(unsigned long, unsigned long&)
 .text._ZN9DhcpClass18request_DHCP_leaseEv
                0x00002714      0x148 C:\Users\pat spagnardi\AppData\Local\Temp\VMBuilds\RegisteringServices\Anidea Engineering_anidea engineering_samd_ae_fx450\Release\Ethernet2\Dhcp.cpp.o
                0x00002714                DhcpClass::request_DHCP_lease()
 .text._ZN9DhcpClass13beginWithDHCPEPhmm
                0x0000285c       0x42 C:\Users\pat spagnardi\AppData\Local\Temp\VMBuilds\RegisteringServices\Anidea Engineering_anidea engineering_samd_ae_fx450\Release\Ethernet2\Dhcp.cpp.o
                0x0000285c                DhcpClass::beginWithDHCP(unsigned char*, unsigned long, unsigned long)
 .text._ZN9DNSClient5beginERK9IPAddress
                0x0000289e        0xa C:\Users\pat spagnardi\AppData\Local\Temp\VMBuilds\RegisteringServices\Anidea Engineering_anidea engineering_samd_ae_fx450\Release\Ethernet2\Dns.cpp.o
                0x0000289e                DNSClient::begin(IPAddress const&)
 .text._ZN9DNSClient9inet_atonEPKcR9IPAddress
                0x000028a8       0x4c C:\Users\pat spagnardi\AppData\Local\Temp\VMBuilds\RegisteringServices\Anidea Engineering_anidea engineering_samd_ae_fx450\Release\Ethernet2\Dns.cpp.o
                0x000028a8                DNSClient::inet_aton(char const*, IPAddress&)
 .text.startup._GLOBAL__sub_I__ZN9DNSClient5beginERK9IPAddress
                0x000028f4       0x18 C:\Users\pat spagnardi\AppData\Local\Temp\VMBuilds\RegisteringServices\Anidea Engineering_anidea engineering_samd_ae_fx450\Release\Ethernet2\Dns.cpp.o
 .text._ZN9DNSClient12BuildRequestEPKc
                0x0000290c       0xd6 C:\Users\pat spagnardi\AppData\Local\Temp\VMBuilds\RegisteringServices\Anidea Engineering_anidea engineering_samd_ae_fx450\Release\Ethernet2\Dns.cpp.o
                0x0000290c                DNSClient::BuildRequest(char const*)
 *fill*         0x000029e2        0x2 
 .text._ZN9DNSClient15ProcessResponseEtR9IPAddress
                0x000029e4      0x228 C:\Users\pat spagnardi\AppData\Local\Temp\VMBuilds\RegisteringServices\Anidea Engineering_anidea engineering_samd_ae_fx450\Release\Ethernet2\Dns.cpp.o
                0x000029e4                DNSClient::ProcessResponse(unsigned short, IPAddress&)
 .text._ZN9DNSClient13getHostByNameEPKcR9IPAddress
                0x00002c0c       0x98 C:\Users\pat spagnardi\AppData\Local\Temp\VMBuilds\RegisteringServices\Anidea Engineering_anidea engineering_samd_ae_fx450\Release\Ethernet2\Dns.cpp.o
                0x00002c0c                DNSClient::getHostByName(char const*, IPAddress&)
 .text._ZN10W5500Class8writeGAREPh
                0x00002ca4       0x10 C:\Users\pat spagnardi\AppData\Local\Temp\VMBuilds\RegisteringServices\Anidea Engineering_anidea engineering_samd_ae_fx450\Release\Ethernet2\Ethernet2.cpp.o
                0x00002ca4                W5500Class::writeGAR(unsigned char*)
 .text._ZN10W5500Class9writeSUBREPh
                0x00002cb4       0x10 C:\Users\pat spagnardi\AppData\Local\Temp\VMBuilds\RegisteringServices\Anidea Engineering_anidea engineering_samd_ae_fx450\Release\Ethernet2\Ethernet2.cpp.o
                0x00002cb4                W5500Class::writeSUBR(unsigned char*)
 .text._ZN10W5500Class9writeSHAREPh
                0x00002cc4       0x10 C:\Users\pat spagnardi\AppData\Local\Temp\VMBuilds\RegisteringServices\Anidea Engineering_anidea engineering_samd_ae_fx450\Release\Ethernet2\Ethernet2.cpp.o
                0x00002cc4                W5500Class::writeSHAR(unsigned char*)
 .text._ZN10W5500Class9writeSIPREPh
                0x00002cd4       0x10 C:\Users\pat spagnardi\AppData\Local\Temp\VMBuilds\RegisteringServices\Anidea Engineering_anidea engineering_samd_ae_fx450\Release\Ethernet2\Ethernet2.cpp.o
                0x00002cd4                W5500Class::writeSIPR(unsigned char*)
 .text._ZN13EthernetClass5beginEPh
                0x00002ce4       0xb8 C:\Users\pat spagnardi\AppData\Local\Temp\VMBuilds\RegisteringServices\Anidea Engineering_anidea engineering_samd_ae_fx450\Release\Ethernet2\Ethernet2.cpp.o
                0x00002ce4                EthernetClass::begin(unsigned char*)
 .text._ZN13EthernetClass7localIPEv
                0x00002d9c       0x18 C:\Users\pat spagnardi\AppData\Local\Temp\VMBuilds\RegisteringServices\Anidea Engineering_anidea engineering_samd_ae_fx450\Release\Ethernet2\Ethernet2.cpp.o
                0x00002d9c                EthernetClass::localIP()
 .text._ZN13EthernetClass11dnsServerIPEv
                0x00002db4       0x10 C:\Users\pat spagnardi\AppData\Local\Temp\VMBuilds\RegisteringServices\Anidea Engineering_anidea engineering_samd_ae_fx450\Release\Ethernet2\Ethernet2.cpp.o
                0x00002db4                EthernetClass::dnsServerIP()
 .text.startup._GLOBAL__sub_I__ZN13EthernetClass6_stateE
                0x00002dc4       0x2c C:\Users\pat spagnardi\AppData\Local\Temp\VMBuilds\RegisteringServices\Anidea Engineering_anidea engineering_samd_ae_fx450\Release\Ethernet2\Ethernet2.cpp.o
 .text._ZN14EthernetClientneERKS_
                0x00002df0       0x10 C:\Users\pat spagnardi\AppData\Local\Temp\VMBuilds\RegisteringServices\Anidea Engineering_anidea engineering_samd_ae_fx450\Release\Ethernet2\EthernetClient.cpp.o
                0x00002df0                EthernetClient::operator!=(EthernetClient const&)
 .text._ZN14EthernetClient5writeEh
                0x00002e00       0x14 C:\Users\pat spagnardi\AppData\Local\Temp\VMBuilds\RegisteringServices\Anidea Engineering_anidea engineering_samd_ae_fx450\Release\Ethernet2\EthernetClient.cpp.o
                0x00002e00                EthernetClient::write(unsigned char)
 .text._ZN14EthernetClientcvbEv
                0x00002e14        0xc C:\Users\pat spagnardi\AppData\Local\Temp\VMBuilds\RegisteringServices\Anidea Engineering_anidea engineering_samd_ae_fx450\Release\Ethernet2\EthernetClient.cpp.o
                0x00002e14                EthernetClient::operator bool()
 .text._ZN14EthernetClienteqERKS_
                0x00002e20       0x14 C:\Users\pat spagnardi\AppData\Local\Temp\VMBuilds\RegisteringServices\Anidea Engineering_anidea engineering_samd_ae_fx450\Release\Ethernet2\EthernetClient.cpp.o
                0x00002e20                EthernetClient::operator==(EthernetClient const&)
 .text._ZN14EthernetClient5writeEPKhj
                0x00002e34       0x2a C:\Users\pat spagnardi\AppData\Local\Temp\VMBuilds\RegisteringServices\Anidea Engineering_anidea engineering_samd_ae_fx450\Release\Ethernet2\EthernetClient.cpp.o
                0x00002e34                EthernetClient::write(unsigned char const*, unsigned int)
 *fill*         0x00002e5e        0x2 
 .text._ZN14EthernetClient9availableEv
                0x00002e60       0x18 C:\Users\pat spagnardi\AppData\Local\Temp\VMBuilds\RegisteringServices\Anidea Engineering_anidea engineering_samd_ae_fx450\Release\Ethernet2\EthernetClient.cpp.o
                0x00002e60                EthernetClient::available()
 .text._ZN14EthernetClient4readEv
                0x00002e78       0x1e C:\Users\pat spagnardi\AppData\Local\Temp\VMBuilds\RegisteringServices\Anidea Engineering_anidea engineering_samd_ae_fx450\Release\Ethernet2\EthernetClient.cpp.o
                0x00002e78                EthernetClient::read()
 .text._ZN14EthernetClient4readEPhj
                0x00002e96        0xc C:\Users\pat spagnardi\AppData\Local\Temp\VMBuilds\RegisteringServices\Anidea Engineering_anidea engineering_samd_ae_fx450\Release\Ethernet2\EthernetClient.cpp.o
                0x00002e96                EthernetClient::read(unsigned char*, unsigned int)
 .text._ZN14EthernetClient4peekEv
                0x00002ea2       0x24 C:\Users\pat spagnardi\AppData\Local\Temp\VMBuilds\RegisteringServices\Anidea Engineering_anidea engineering_samd_ae_fx450\Release\Ethernet2\EthernetClient.cpp.o
                0x00002ea2                EthernetClient::peek()
 .text._ZN14EthernetClient5flushEv
                0x00002ec6        0xa C:\Users\pat spagnardi\AppData\Local\Temp\VMBuilds\RegisteringServices\Anidea Engineering_anidea engineering_samd_ae_fx450\Release\Ethernet2\EthernetClient.cpp.o
                0x00002ec6                EthernetClient::flush()
 .text._ZN14EthernetClient7connectEPKct
                0x00002ed0       0x5c C:\Users\pat spagnardi\AppData\Local\Temp\VMBuilds\RegisteringServices\Anidea Engineering_anidea engineering_samd_ae_fx450\Release\Ethernet2\EthernetClient.cpp.o
                0x00002ed0                EthernetClient::connect(char const*, unsigned short)
 .text._ZN14EthernetClientC2Eh
                0x00002f2c       0x18 C:\Users\pat spagnardi\AppData\Local\Temp\VMBuilds\RegisteringServices\Anidea Engineering_anidea engineering_samd_ae_fx450\Release\Ethernet2\EthernetClient.cpp.o
                0x00002f2c                EthernetClient::EthernetClient(unsigned char)
                0x00002f2c                EthernetClient::EthernetClient(unsigned char)
 .text._ZN14EthernetClient6statusEv
                0x00002f44       0x18 C:\Users\pat spagnardi\AppData\Local\Temp\VMBuilds\RegisteringServices\Anidea Engineering_anidea engineering_samd_ae_fx450\Release\Ethernet2\EthernetClient.cpp.o
                0x00002f44                EthernetClient::status()
 .text._ZN14EthernetClient7connectE9IPAddresst
                0x00002f5c       0x94 C:\Users\pat spagnardi\AppData\Local\Temp\VMBuilds\RegisteringServices\Anidea Engineering_anidea engineering_samd_ae_fx450\Release\Ethernet2\EthernetClient.cpp.o
                0x00002f5c                EthernetClient::connect(IPAddress, unsigned short)
 .text._ZN14EthernetClient4stopEv
                0x00002ff0       0x5c C:\Users\pat spagnardi\AppData\Local\Temp\VMBuilds\RegisteringServices\Anidea Engineering_anidea engineering_samd_ae_fx450\Release\Ethernet2\EthernetClient.cpp.o
                0x00002ff0                EthernetClient::stop()
 .text._ZN14EthernetClient9connectedEv
                0x0000304c       0x36 C:\Users\pat spagnardi\AppData\Local\Temp\VMBuilds\RegisteringServices\Anidea Engineering_anidea engineering_samd_ae_fx450\Release\Ethernet2\EthernetClient.cpp.o
                0x0000304c                EthernetClient::connected()
 *fill*         0x00003082        0x2 
 .text.startup._GLOBAL__sub_I__ZN14EthernetClient8_srcportE
                0x00003084       0x18 C:\Users\pat spagnardi\AppData\Local\Temp\VMBuilds\RegisteringServices\Anidea Engineering_anidea engineering_samd_ae_fx450\Release\Ethernet2\EthernetClient.cpp.o
 .text._ZN14EthernetServer5writeEh
                0x0000309c       0x14 C:\Users\pat spagnardi\AppData\Local\Temp\VMBuilds\RegisteringServices\Anidea Engineering_anidea engineering_samd_ae_fx450\Release\Ethernet2\EthernetServer.cpp.o
                0x0000309c                EthernetServer::write(unsigned char)
 .text._ZN14EthernetServer5beginEv
                0x000030b0       0x44 C:\Users\pat spagnardi\AppData\Local\Temp\VMBuilds\RegisteringServices\Anidea Engineering_anidea engineering_samd_ae_fx450\Release\Ethernet2\EthernetServer.cpp.o
                0x000030b0                EthernetServer::begin()
 .text._ZN14EthernetServerC2Et
                0x000030f4       0x14 C:\Users\pat spagnardi\AppData\Local\Temp\VMBuilds\RegisteringServices\Anidea Engineering_anidea engineering_samd_ae_fx450\Release\Ethernet2\EthernetServer.cpp.o
                0x000030f4                EthernetServer::EthernetServer(unsigned short)
                0x000030f4                EthernetServer::EthernetServer(unsigned short)
 .text._ZN14EthernetServer6acceptEv
                0x00003108       0x64 C:\Users\pat spagnardi\AppData\Local\Temp\VMBuilds\RegisteringServices\Anidea Engineering_anidea engineering_samd_ae_fx450\Release\Ethernet2\EthernetServer.cpp.o
                0x00003108                EthernetServer::accept()
 .text._ZN14EthernetServer5writeEPKhj
                0x0000316c       0x50 C:\Users\pat spagnardi\AppData\Local\Temp\VMBuilds\RegisteringServices\Anidea Engineering_anidea engineering_samd_ae_fx450\Release\Ethernet2\EthernetServer.cpp.o
                0x0000316c                EthernetServer::write(unsigned char const*, unsigned int)
 .text._ZN14EthernetServer9availableEv
                0x000031bc       0x78 C:\Users\pat spagnardi\AppData\Local\Temp\VMBuilds\RegisteringServices\Anidea Engineering_anidea engineering_samd_ae_fx450\Release\Ethernet2\EthernetServer.cpp.o
                0x000031bc                EthernetServer::available()
 .text.startup._GLOBAL__sub_I__ZN14EthernetServerC2Et
                0x00003234       0x18 C:\Users\pat spagnardi\AppData\Local\Temp\VMBuilds\RegisteringServices\Anidea Engineering_anidea engineering_samd_ae_fx450\Release\Ethernet2\EthernetServer.cpp.o
 .text._ZN11EthernetUDP4readEPcj
                0x0000324c        0xa C:\Users\pat spagnardi\AppData\Local\Temp\VMBuilds\RegisteringServices\Anidea Engineering_anidea engineering_samd_ae_fx450\Release\Ethernet2\EthernetUdp2.cpp.o
                0x0000324c                EthernetUDP::read(char*, unsigned int)
 *fill*         0x00003256        0x2 
 .text._ZN11EthernetUDP8remoteIPEv
                0x00003258       0x10 C:\Users\pat spagnardi\AppData\Local\Temp\VMBuilds\RegisteringServices\Anidea Engineering_anidea engineering_samd_ae_fx450\Release\Ethernet2\EthernetUdp2.cpp.o
                0x00003258                EthernetUDP::remoteIP()
 .text._ZN11EthernetUDP10remotePortEv
                0x00003268        0x4 C:\Users\pat spagnardi\AppData\Local\Temp\VMBuilds\RegisteringServices\Anidea Engineering_anidea engineering_samd_ae_fx450\Release\Ethernet2\EthernetUdp2.cpp.o
                0x00003268                EthernetUDP::remotePort()
 .text._ZN11EthernetUDP9availableEv
                0x0000326c        0x4 C:\Users\pat spagnardi\AppData\Local\Temp\VMBuilds\RegisteringServices\Anidea Engineering_anidea engineering_samd_ae_fx450\Release\Ethernet2\EthernetUdp2.cpp.o
                0x0000326c                EthernetUDP::available()
 .text._ZN11EthernetUDP5writeEh
                0x00003270       0x14 C:\Users\pat spagnardi\AppData\Local\Temp\VMBuilds\RegisteringServices\Anidea Engineering_anidea engineering_samd_ae_fx450\Release\Ethernet2\EthernetUdp2.cpp.o
                0x00003270                EthernetUDP::write(unsigned char)
 .text._ZN11EthernetUDP5flushEv
                0x00003284       0x16 C:\Users\pat spagnardi\AppData\Local\Temp\VMBuilds\RegisteringServices\Anidea Engineering_anidea engineering_samd_ae_fx450\Release\Ethernet2\EthernetUdp2.cpp.o
                0x00003284                EthernetUDP::flush()
 *fill*         0x0000329a        0x2 
 .text._ZN11EthernetUDP4stopEv
                0x0000329c       0x24 C:\Users\pat spagnardi\AppData\Local\Temp\VMBuilds\RegisteringServices\Anidea Engineering_anidea engineering_samd_ae_fx450\Release\Ethernet2\EthernetUdp2.cpp.o
                0x0000329c                EthernetUDP::stop()
 .text._ZN11EthernetUDP11beginPacketE9IPAddresst
                0x000032c0       0x10 C:\Users\pat spagnardi\AppData\Local\Temp\VMBuilds\RegisteringServices\Anidea Engineering_anidea engineering_samd_ae_fx450\Release\Ethernet2\EthernetUdp2.cpp.o
                0x000032c0                EthernetUDP::beginPacket(IPAddress, unsigned short)
 .text._ZN11EthernetUDP9endPacketEv
                0x000032d0        0xa C:\Users\pat spagnardi\AppData\Local\Temp\VMBuilds\RegisteringServices\Anidea Engineering_anidea engineering_samd_ae_fx450\Release\Ethernet2\EthernetUdp2.cpp.o
                0x000032d0                EthernetUDP::endPacket()
 .text._ZN11EthernetUDP5writeEPKhj
                0x000032da       0x1a C:\Users\pat spagnardi\AppData\Local\Temp\VMBuilds\RegisteringServices\Anidea Engineering_anidea engineering_samd_ae_fx450\Release\Ethernet2\EthernetUdp2.cpp.o
                0x000032da                EthernetUDP::write(unsigned char const*, unsigned int)
 .text._ZN11EthernetUDP4readEv
                0x000032f4       0x2c C:\Users\pat spagnardi\AppData\Local\Temp\VMBuilds\RegisteringServices\Anidea Engineering_anidea engineering_samd_ae_fx450\Release\Ethernet2\EthernetUdp2.cpp.o
                0x000032f4                EthernetUDP::read()
 .text._ZN11EthernetUDP4readEPhj
                0x00003320       0x2c C:\Users\pat spagnardi\AppData\Local\Temp\VMBuilds\RegisteringServices\Anidea Engineering_anidea engineering_samd_ae_fx450\Release\Ethernet2\EthernetUdp2.cpp.o
                0x00003320                EthernetUDP::read(unsigned char*, unsigned int)
 .text._ZN11EthernetUDP4peekEv
                0x0000334c       0x1e C:\Users\pat spagnardi\AppData\Local\Temp\VMBuilds\RegisteringServices\Anidea Engineering_anidea engineering_samd_ae_fx450\Release\Ethernet2\EthernetUdp2.cpp.o
                0x0000334c                EthernetUDP::peek()
 *fill*         0x0000336a        0x2 
 .text._ZN11EthernetUDP11parsePacketEv
                0x0000336c       0x50 C:\Users\pat spagnardi\AppData\Local\Temp\VMBuilds\RegisteringServices\Anidea Engineering_anidea engineering_samd_ae_fx450\Release\Ethernet2\EthernetUdp2.cpp.o
                0x0000336c                EthernetUDP::parsePacket()
 .text._ZN11EthernetUDP5beginEt
                0x000033bc       0x4a C:\Users\pat spagnardi\AppData\Local\Temp\VMBuilds\RegisteringServices\Anidea Engineering_anidea engineering_samd_ae_fx450\Release\Ethernet2\EthernetUdp2.cpp.o
                0x000033bc                EthernetUDP::begin(unsigned short)
 *fill*         0x00003406        0x2 
 .text._ZN11EthernetUDP14beginMulticastE9IPAddresst
                0x00003408       0xb8 C:\Users\pat spagnardi\AppData\Local\Temp\VMBuilds\RegisteringServices\Anidea Engineering_anidea engineering_samd_ae_fx450\Release\Ethernet2\EthernetUdp2.cpp.o
                0x00003408                EthernetUDP::beginMulticast(IPAddress, unsigned short)
 .text._ZN11EthernetUDPC2Ev
                0x000034c0       0x28 C:\Users\pat spagnardi\AppData\Local\Temp\VMBuilds\RegisteringServices\Anidea Engineering_anidea engineering_samd_ae_fx450\Release\Ethernet2\EthernetUdp2.cpp.o
                0x000034c0                EthernetUDP::EthernetUDP()
                0x000034c0                EthernetUDP::EthernetUDP()
 .text._ZN11EthernetUDP11beginPacketEPKct
                0x000034e8       0x5c C:\Users\pat spagnardi\AppData\Local\Temp\VMBuilds\RegisteringServices\Anidea Engineering_anidea engineering_samd_ae_fx450\Release\Ethernet2\EthernetUdp2.cpp.o
                0x000034e8                EthernetUDP::beginPacket(char const*, unsigned short)
 .text.startup._GLOBAL__sub_I__ZN11EthernetUDPC2Ev
                0x00003544       0x18 C:\Users\pat spagnardi\AppData\Local\Temp\VMBuilds\RegisteringServices\Anidea Engineering_anidea engineering_samd_ae_fx450\Release\Ethernet2\EthernetUdp2.cpp.o
 .text.startup._GLOBAL__sub_I__ZN7TwitterC2EPKc
                0x0000355c       0x18 C:\Users\pat spagnardi\AppData\Local\Temp\VMBuilds\RegisteringServices\Anidea Engineering_anidea engineering_samd_ae_fx450\Release\Ethernet2\Twitter.cpp.o
 .text._ZN10W5500Class11writeSnDIPREhPh
                0x00003574       0x14 C:\Users\pat spagnardi\AppData\Local\Temp\VMBuilds\RegisteringServices\Anidea Engineering_anidea engineering_samd_ae_fx450\Release\Ethernet2\utility\socket.cpp.o
                0x00003574                W5500Class::writeSnDIPR(unsigned char, unsigned char*)
 .text._ZN10W5500Class6readSnEht
                0x00003588       0x12 C:\Users\pat spagnardi\AppData\Local\Temp\VMBuilds\RegisteringServices\Anidea Engineering_anidea engineering_samd_ae_fx450\Release\Ethernet2\utility\socket.cpp.o
                0x00003588                W5500Class::readSn(unsigned char, unsigned short)
 .text._ZN10W5500Class8readSnIREh
                0x0000359a        0xa C:\Users\pat spagnardi\AppData\Local\Temp\VMBuilds\RegisteringServices\Anidea Engineering_anidea engineering_samd_ae_fx450\Release\Ethernet2\utility\socket.cpp.o
                0x0000359a                W5500Class::readSnIR(unsigned char)
 .text._ZN10W5500Class7writeSnEhth
                0x000035a4       0x12 C:\Users\pat spagnardi\AppData\Local\Temp\VMBuilds\RegisteringServices\Anidea Engineering_anidea engineering_samd_ae_fx450\Release\Ethernet2\utility\socket.cpp.o
                0x000035a4                W5500Class::writeSn(unsigned char, unsigned short, unsigned char)
 .text._ZN10W5500Class11writeSnPORTEht
                0x000035b6       0x1a C:\Users\pat spagnardi\AppData\Local\Temp\VMBuilds\RegisteringServices\Anidea Engineering_anidea engineering_samd_ae_fx450\Release\Ethernet2\utility\socket.cpp.o
                0x000035b6                W5500Class::writeSnPORT(unsigned char, unsigned short)
 .text._ZN10W5500Class9writeSnIREhh
                0x000035d0        0xc C:\Users\pat spagnardi\AppData\Local\Temp\VMBuilds\RegisteringServices\Anidea Engineering_anidea engineering_samd_ae_fx450\Release\Ethernet2\utility\socket.cpp.o
                0x000035d0                W5500Class::writeSnIR(unsigned char, unsigned char)
 .text._ZN10W5500Class12writeSnDPORTEht
                0x000035dc       0x1a C:\Users\pat spagnardi\AppData\Local\Temp\VMBuilds\RegisteringServices\Anidea Engineering_anidea engineering_samd_ae_fx450\Release\Ethernet2\utility\socket.cpp.o
                0x000035dc                W5500Class::writeSnDPORT(unsigned char, unsigned short)
 *fill*         0x000035f6        0x2 
 .text._Z5closeh
                0x000035f8       0x1c C:\Users\pat spagnardi\AppData\Local\Temp\VMBuilds\RegisteringServices\Anidea Engineering_anidea engineering_samd_ae_fx450\Release\Ethernet2\utility\socket.cpp.o
                0x000035f8                close(unsigned char)
 .text._Z6sockethhth
                0x00003614       0x54 C:\Users\pat spagnardi\AppData\Local\Temp\VMBuilds\RegisteringServices\Anidea Engineering_anidea engineering_samd_ae_fx450\Release\Ethernet2\utility\socket.cpp.o
                0x00003614                socket(unsigned char, unsigned char, unsigned short, unsigned char)
 .text._Z6listenh
                0x00003668       0x24 C:\Users\pat spagnardi\AppData\Local\Temp\VMBuilds\RegisteringServices\Anidea Engineering_anidea engineering_samd_ae_fx450\Release\Ethernet2\utility\socket.cpp.o
                0x00003668                listen(unsigned char)
 .text._Z7connecthPht
                0x0000368c       0x60 C:\Users\pat spagnardi\AppData\Local\Temp\VMBuilds\RegisteringServices\Anidea Engineering_anidea engineering_samd_ae_fx450\Release\Ethernet2\utility\socket.cpp.o
                0x0000368c                connect(unsigned char, unsigned char*, unsigned short)
 .text._Z10disconnecth
                0x000036ec       0x14 C:\Users\pat spagnardi\AppData\Local\Temp\VMBuilds\RegisteringServices\Anidea Engineering_anidea engineering_samd_ae_fx450\Release\Ethernet2\utility\socket.cpp.o
                0x000036ec                disconnect(unsigned char)
 .text._Z4sendhPKht
                0x00003700       0x80 C:\Users\pat spagnardi\AppData\Local\Temp\VMBuilds\RegisteringServices\Anidea Engineering_anidea engineering_samd_ae_fx450\Release\Ethernet2\utility\socket.cpp.o
                0x00003700                send(unsigned char, unsigned char const*, unsigned short)
 .text._Z4recvhPhs
                0x00003780       0x68 C:\Users\pat spagnardi\AppData\Local\Temp\VMBuilds\RegisteringServices\Anidea Engineering_anidea engineering_samd_ae_fx450\Release\Ethernet2\utility\socket.cpp.o
                0x00003780                recv(unsigned char, unsigned char*, short)
 .text._Z4peekhPh
                0x000037e8       0x1c C:\Users\pat spagnardi\AppData\Local\Temp\VMBuilds\RegisteringServices\Anidea Engineering_anidea engineering_samd_ae_fx450\Release\Ethernet2\utility\socket.cpp.o
                0x000037e8                peek(unsigned char, unsigned char*)
 .text._Z5flushh
                0x00003804        0x2 C:\Users\pat spagnardi\AppData\Local\Temp\VMBuilds\RegisteringServices\Anidea Engineering_anidea engineering_samd_ae_fx450\Release\Ethernet2\utility\socket.cpp.o
                0x00003804                flush(unsigned char)
 *fill*         0x00003806        0x2 
 .text._Z10bufferDatahtPKht
                0x00003808       0x3c C:\Users\pat spagnardi\AppData\Local\Temp\VMBuilds\RegisteringServices\Anidea Engineering_anidea engineering_samd_ae_fx450\Release\Ethernet2\utility\socket.cpp.o
                0x00003808                bufferData(unsigned char, unsigned short, unsigned char const*, unsigned short)
 .text._Z8startUDPhPht
                0x00003844       0x38 C:\Users\pat spagnardi\AppData\Local\Temp\VMBuilds\RegisteringServices\Anidea Engineering_anidea engineering_samd_ae_fx450\Release\Ethernet2\utility\socket.cpp.o
                0x00003844                startUDP(unsigned char, unsigned char*, unsigned short)
 .text._Z7sendUDPh
                0x0000387c       0x40 C:\Users\pat spagnardi\AppData\Local\Temp\VMBuilds\RegisteringServices\Anidea Engineering_anidea engineering_samd_ae_fx450\Release\Ethernet2\utility\socket.cpp.o
                0x0000387c                sendUDP(unsigned char)
 .text._ZN10W5500Class5setSSEv
                0x000038bc       0x14 C:\Users\pat spagnardi\AppData\Local\Temp\VMBuilds\RegisteringServices\Anidea Engineering_anidea engineering_samd_ae_fx450\Release\Ethernet2\utility\w5500.cpp.o
                0x000038bc                W5500Class::setSS()
 .text._ZN10W5500Class7resetSSEv
                0x000038d0       0x14 C:\Users\pat spagnardi\AppData\Local\Temp\VMBuilds\RegisteringServices\Anidea Engineering_anidea engineering_samd_ae_fx450\Release\Ethernet2\utility\w5500.cpp.o
                0x000038d0                W5500Class::resetSS()
 .text._ZN10W5500Class5writeEthh
                0x000038e4       0x50 C:\Users\pat spagnardi\AppData\Local\Temp\VMBuilds\RegisteringServices\Anidea Engineering_anidea engineering_samd_ae_fx450\Release\Ethernet2\utility\w5500.cpp.o
                0x000038e4                W5500Class::write(unsigned short, unsigned char, unsigned char)
 .text._ZN10W5500Class5writeEthPKht
                0x00003934       0x60 C:\Users\pat spagnardi\AppData\Local\Temp\VMBuilds\RegisteringServices\Anidea Engineering_anidea engineering_samd_ae_fx450\Release\Ethernet2\utility\w5500.cpp.o
                0x00003934                W5500Class::write(unsigned short, unsigned char, unsigned char const*, unsigned short)
 .text._ZN10W5500Class4readEth
                0x00003994       0x50 C:\Users\pat spagnardi\AppData\Local\Temp\VMBuilds\RegisteringServices\Anidea Engineering_anidea engineering_samd_ae_fx450\Release\Ethernet2\utility\w5500.cpp.o
                0x00003994                W5500Class::read(unsigned short, unsigned char)
 .text._ZN10W5500Class4initEh
                0x000039e4       0x60 C:\Users\pat spagnardi\AppData\Local\Temp\VMBuilds\RegisteringServices\Anidea Engineering_anidea engineering_samd_ae_fx450\Release\Ethernet2\utility\w5500.cpp.o
                0x000039e4                W5500Class::init(unsigned char)
 .text._ZN10W5500Class12readSnTX_FSREh
                0x00003a44       0x1c C:\Users\pat spagnardi\AppData\Local\Temp\VMBuilds\RegisteringServices\Anidea Engineering_anidea engineering_samd_ae_fx450\Release\Ethernet2\utility\w5500.cpp.o
                0x00003a44                W5500Class::readSnTX_FSR(unsigned char)
 .text._ZN10W5500Class13getTXFreeSizeEh
                0x00003a60       0x20 C:\Users\pat spagnardi\AppData\Local\Temp\VMBuilds\RegisteringServices\Anidea Engineering_anidea engineering_samd_ae_fx450\Release\Ethernet2\utility\w5500.cpp.o
                0x00003a60                W5500Class::getTXFreeSize(unsigned char)
 .text._ZN10W5500Class12readSnRX_RSREh
                0x00003a80       0x1c C:\Users\pat spagnardi\AppData\Local\Temp\VMBuilds\RegisteringServices\Anidea Engineering_anidea engineering_samd_ae_fx450\Release\Ethernet2\utility\w5500.cpp.o
                0x00003a80                W5500Class::readSnRX_RSR(unsigned char)
 .text._ZN10W5500Class17getRXReceivedSizeEh
                0x00003a9c       0x20 C:\Users\pat spagnardi\AppData\Local\Temp\VMBuilds\RegisteringServices\Anidea Engineering_anidea engineering_samd_ae_fx450\Release\Ethernet2\utility\w5500.cpp.o
                0x00003a9c                W5500Class::getRXReceivedSize(unsigned char)
 .text._ZN10W5500Class27send_data_processing_offsetEhtPKht
                0x00003abc       0x50 C:\Users\pat spagnardi\AppData\Local\Temp\VMBuilds\RegisteringServices\Anidea Engineering_anidea engineering_samd_ae_fx450\Release\Ethernet2\utility\w5500.cpp.o
                0x00003abc                W5500Class::send_data_processing_offset(unsigned char, unsigned short, unsigned char const*, unsigned short)
 .text._ZN10W5500Class20send_data_processingEhPKht
                0x00003b0c       0x10 C:\Users\pat spagnardi\AppData\Local\Temp\VMBuilds\RegisteringServices\Anidea Engineering_anidea engineering_samd_ae_fx450\Release\Ethernet2\utility\w5500.cpp.o
                0x00003b0c                W5500Class::send_data_processing(unsigned char, unsigned char const*, unsigned short)
 .text._ZN10W5500Class4readEthPht
                0x00003b1c       0x60 C:\Users\pat spagnardi\AppData\Local\Temp\VMBuilds\RegisteringServices\Anidea Engineering_anidea engineering_samd_ae_fx450\Release\Ethernet2\utility\w5500.cpp.o
                0x00003b1c                W5500Class::read(unsigned short, unsigned char, unsigned char*, unsigned short)
 .text._ZN10W5500Class9read_dataEhtPVht
                0x00003b7c       0x20 C:\Users\pat spagnardi\AppData\Local\Temp\VMBuilds\RegisteringServices\Anidea Engineering_anidea engineering_samd_ae_fx450\Release\Ethernet2\utility\w5500.cpp.o
                0x00003b7c                W5500Class::read_data(unsigned char, unsigned short, unsigned char volatile*, unsigned short)
 .text._ZN10W5500Class20recv_data_processingEhPhth
                0x00003b9c       0x5a C:\Users\pat spagnardi\AppData\Local\Temp\VMBuilds\RegisteringServices\Anidea Engineering_anidea engineering_samd_ae_fx450\Release\Ethernet2\utility\w5500.cpp.o
                0x00003b9c                W5500Class::recv_data_processing(unsigned char, unsigned char*, unsigned short, unsigned char)
 .text._ZN10W5500Class9execCmdSnEh7SockCMD
                0x00003bf6       0x1a C:\Users\pat spagnardi\AppData\Local\Temp\VMBuilds\RegisteringServices\Anidea Engineering_anidea engineering_samd_ae_fx450\Release\Ethernet2\utility\w5500.cpp.o
                0x00003bf6                W5500Class::execCmdSn(unsigned char, SockCMD)
 .text.startup._GLOBAL__sub_I_w5500
                0x00003c10       0x18 C:\Users\pat spagnardi\AppData\Local\Temp\VMBuilds\RegisteringServices\Anidea Engineering_anidea engineering_samd_ae_fx450\Release\Ethernet2\utility\w5500.cpp.o
 .text._ZN4MDNSC2ER3UDP
                0x00003c28       0x36 C:\Users\pat spagnardi\AppData\Local\Temp\VMBuilds\RegisteringServices\Anidea Engineering_anidea engineering_samd_ae_fx450\Release\ArduinoMDNS-master\MDNS.cpp.o
                0x00003c28                MDNS::MDNS(UDP&)
                0x00003c28                MDNS::MDNS(UDP&)
 .text._ZN4MDNSD2Ev
                0x00003c5e       0x10 C:\Users\pat spagnardi\AppData\Local\Temp\VMBuilds\RegisteringServices\Anidea Engineering_anidea engineering_samd_ae_fx450\Release\ArduinoMDNS-master\MDNS.cpp.o
                0x00003c5e                MDNS::~MDNS()
                0x00003c5e                MDNS::~MDNS()
 *fill*         0x00003c6e        0x2 
 .text._ZN4MDNS7setNameEPKc
                0x00003c70       0x48 C:\Users\pat spagnardi\AppData\Local\Temp\VMBuilds\RegisteringServices\Anidea Engineering_anidea engineering_samd_ae_fx450\Release\ArduinoMDNS-master\MDNS.cpp.o
                0x00003c70                MDNS::setName(char const*)
 .text._ZN4MDNS5beginERK9IPAddressPKc
                0x00003cb8       0x70 C:\Users\pat spagnardi\AppData\Local\Temp\VMBuilds\RegisteringServices\Anidea Engineering_anidea engineering_samd_ae_fx450\Release\ArduinoMDNS-master\MDNS.cpp.o
                0x00003cb8                MDNS::begin(IPAddress const&, char const*)
 .text._ZN4MDNS13_writeDNSNameEPKhPtPhii
                0x00003d28       0xc8 C:\Users\pat spagnardi\AppData\Local\Temp\VMBuilds\RegisteringServices\Anidea Engineering_anidea engineering_samd_ae_fx450\Release\ArduinoMDNS-master\MDNS.cpp.o
                0x00003d28                MDNS::_writeDNSName(unsigned char const*, unsigned short*, unsigned char*, int, int)
 .text._ZN4MDNS22_writeMyIPAnswerRecordEPtPhi
                0x00003df0       0x78 C:\Users\pat spagnardi\AppData\Local\Temp\VMBuilds\RegisteringServices\Anidea Engineering_anidea engineering_samd_ae_fx450\Release\ArduinoMDNS-master\MDNS.cpp.o
                0x00003df0                MDNS::_writeMyIPAnswerRecord(unsigned short*, unsigned char*, int)
 .text._ZN4MDNS22_findFirstDotFromRightEPKh
                0x00003e68       0x1c C:\Users\pat spagnardi\AppData\Local\Temp\VMBuilds\RegisteringServices\Anidea Engineering_anidea engineering_samd_ae_fx450\Release\ArduinoMDNS-master\MDNS.cpp.o
                0x00003e68                MDNS::_findFirstDotFromRight(unsigned char const*)
 .text._ZN4MDNS16_matchStringPartEPPKhPiS1_i
                0x00003e84       0x38 C:\Users\pat spagnardi\AppData\Local\Temp\VMBuilds\RegisteringServices\Anidea Engineering_anidea engineering_samd_ae_fx450\Release\ArduinoMDNS-master\MDNS.cpp.o
                0x00003e84                MDNS::_matchStringPart(unsigned char const**, int*, unsigned char const*, int)
 .text._ZN4MDNS19_postfixForProtocolE22_MDNSServiceProtocol_t
                0x00003ebc       0x1c C:\Users\pat spagnardi\AppData\Local\Temp\VMBuilds\RegisteringServices\Anidea Engineering_anidea engineering_samd_ae_fx450\Release\ArduinoMDNS-master\MDNS.cpp.o
                0x00003ebc                MDNS::_postfixForProtocol(_MDNSServiceProtocol_t)
 .text._ZN4MDNS23_writeServiceRecordNameEiPtPhii
                0x00003ed8       0x72 C:\Users\pat spagnardi\AppData\Local\Temp\VMBuilds\RegisteringServices\Anidea Engineering_anidea engineering_samd_ae_fx450\Release\ArduinoMDNS-master\MDNS.cpp.o
                0x00003ed8                MDNS::_writeServiceRecordName(int, unsigned short*, unsigned char*, int, int)
 .text._ZN4MDNS22_writeServiceRecordPTREiPtPhim
                0x00003f4a       0x82 C:\Users\pat spagnardi\AppData\Local\Temp\VMBuilds\RegisteringServices\Anidea Engineering_anidea engineering_samd_ae_fx450\Release\ArduinoMDNS-master\MDNS.cpp.o
                0x00003f4a                MDNS::_writeServiceRecordPTR(int, unsigned short*, unsigned char*, int, unsigned long)
 .text._ZN4MDNS16_sendMDNSMessageEmmii
                0x00003fcc      0x38c C:\Users\pat spagnardi\AppData\Local\Temp\VMBuilds\RegisteringServices\Anidea Engineering_anidea engineering_samd_ae_fx450\Release\ArduinoMDNS-master\MDNS.cpp.o
                0x00003fcc                MDNS::_sendMDNSMessage(unsigned long, unsigned long, int, int)
 .text._ZN4MDNS16addServiceRecordEPKct22_MDNSServiceProtocol_tS1_
                0x00004358      0x134 C:\Users\pat spagnardi\AppData\Local\Temp\VMBuilds\RegisteringServices\Anidea Engineering_anidea engineering_samd_ae_fx450\Release\ArduinoMDNS-master\MDNS.cpp.o
                0x00004358                MDNS::addServiceRecord(char const*, unsigned short, _MDNSServiceProtocol_t, char const*)
 .text._ZN4MDNS16addServiceRecordEPKct22_MDNSServiceProtocol_t
                0x0000448c       0x10 C:\Users\pat spagnardi\AppData\Local\Temp\VMBuilds\RegisteringServices\Anidea Engineering_anidea engineering_samd_ae_fx450\Release\ArduinoMDNS-master\MDNS.cpp.o
                0x0000448c                MDNS::addServiceRecord(char const*, unsigned short, _MDNSServiceProtocol_t)
 .text._ZN4MDNS22_finishedResolvingNameEPcPKh
                0x0000449c       0x38 C:\Users\pat spagnardi\AppData\Local\Temp\VMBuilds\RegisteringServices\Anidea Engineering_anidea engineering_samd_ae_fx450\Release\ArduinoMDNS-master\MDNS.cpp.o
                0x0000449c                MDNS::_finishedResolvingName(char*, unsigned char const*)
 .text._ZN4MDNS17_processMDNSQueryEv
                0x000044d4      0x928 C:\Users\pat spagnardi\AppData\Local\Temp\VMBuilds\RegisteringServices\Anidea Engineering_anidea engineering_samd_ae_fx450\Release\ArduinoMDNS-master\MDNS.cpp.o
                0x000044d4                MDNS::_processMDNSQuery()
 .text._ZN4MDNS3runEv
                0x00004dfc      0x100 C:\Users\pat spagnardi\AppData\Local\Temp\VMBuilds\RegisteringServices\Anidea Engineering_anidea engineering_samd_ae_fx450\Release\ArduinoMDNS-master\MDNS.cpp.o
                0x00004dfc                MDNS::run()
 .text.startup._GLOBAL__sub_I__Z9my_mallocj
                0x00004efc       0x18 C:\Users\pat spagnardi\AppData\Local\Temp\VMBuilds\RegisteringServices\Anidea Engineering_anidea engineering_samd_ae_fx450\Release\ArduinoMDNS-master\MDNS.cpp.o
 .text.ethutil_htons
                0x00004f14        0x6 C:\Users\pat spagnardi\AppData\Local\Temp\VMBuilds\RegisteringServices\Anidea Engineering_anidea engineering_samd_ae_fx450\Release\ArduinoMDNS-master\utility\EthernetUtil.c.o
                0x00004f14                ethutil_htons
 .text.ethutil_ntohs
                0x00004f1a        0x6 C:\Users\pat spagnardi\AppData\Local\Temp\VMBuilds\RegisteringServices\Anidea Engineering_anidea engineering_samd_ae_fx450\Release\ArduinoMDNS-master\utility\EthernetUtil.c.o
                0x00004f1a                ethutil_ntohs
 .text.ethutil_swapl
                0x00004f20        0x4 C:\Users\pat spagnardi\AppData\Local\Temp\VMBuilds\RegisteringServices\Anidea Engineering_anidea engineering_samd_ae_fx450\Release\ArduinoMDNS-master\utility\EthernetUtil.c.o
                0x00004f20                ethutil_swapl
 .text.ethutil_htonl
                0x00004f24        0x8 C:\Users\pat spagnardi\AppData\Local\Temp\VMBuilds\RegisteringServices\Anidea Engineering_anidea engineering_samd_ae_fx450\Release\ArduinoMDNS-master\utility\EthernetUtil.c.o
                0x00004f24                ethutil_htonl
 .text._ZN8SPIClass4initEv
                0x00004f2c       0x12 C:\Users\pat spagnardi\AppData\Local\Temp\VMBuilds\RegisteringServices\Anidea Engineering_anidea engineering_samd_ae_fx450\Release\SPI\SPI.cpp.o
                0x00004f2c                SPIClass::init()
 .text._ZN8SPIClass6configE11SPISettings
                0x00004f3e       0x36 C:\Users\pat spagnardi\AppData\Local\Temp\VMBuilds\RegisteringServices\Anidea Engineering_anidea engineering_samd_ae_fx450\Release\SPI\SPI.cpp.o
                0x00004f3e                SPIClass::config(SPISettings)
 .text._ZN8SPIClass5beginEv
                0x00004f74       0x50 C:\Users\pat spagnardi\AppData\Local\Temp\VMBuilds\RegisteringServices\Anidea Engineering_anidea engineering_samd_ae_fx450\Release\SPI\SPI.cpp.o
                0x00004f74                SPIClass::begin()
 .text._ZN8SPIClass16beginTransactionE11SPISettings
                0x00004fc4       0x38 C:\Users\pat spagnardi\AppData\Local\Temp\VMBuilds\RegisteringServices\Anidea Engineering_anidea engineering_samd_ae_fx450\Release\SPI\SPI.cpp.o
                0x00004fc4                SPIClass::beginTransaction(SPISettings)
 .text._ZN8SPIClass14endTransactionEv
                0x00004ffc       0x24 C:\Users\pat spagnardi\AppData\Local\Temp\VMBuilds\RegisteringServices\Anidea Engineering_anidea engineering_samd_ae_fx450\Release\SPI\SPI.cpp.o
                0x00004ffc                SPIClass::endTransaction()
 .text._ZN8SPIClass8transferEh
                0x00005020        0xa C:\Users\pat spagnardi\AppData\Local\Temp\VMBuilds\RegisteringServices\Anidea Engineering_anidea engineering_samd_ae_fx450\Release\SPI\SPI.cpp.o
                0x00005020                SPIClass::transfer(unsigned char)
 *fill*         0x0000502a        0x2 
 .text.startup._GLOBAL__sub_I__ZN8SPIClassC2EP6SERCOMhhh14SercomSpiTXPad11SercomRXPad
                0x0000502c       0x38 C:\Users\pat spagnardi\AppData\Local\Temp\VMBuilds\RegisteringServices\Anidea Engineering_anidea engineering_samd_ae_fx450\Release\SPI\SPI.cpp.o
 .text.SERCOM0_Handler
                0x00005064       0x10 C:\Users\pat spagnardi\AppData\Local\Temp\VMBuilds\RegisteringServices\Anidea Engineering_anidea engineering_samd_ae_fx450\Release\variant\variant.cpp.o
                0x00005064                SERCOM0_Handler
 .text.SERCOM5_Handler
                0x00005074       0x10 C:\Users\pat spagnardi\AppData\Local\Temp\VMBuilds\RegisteringServices\Anidea Engineering_anidea engineering_samd_ae_fx450\Release\variant\variant.cpp.o
                0x00005074                SERCOM5_Handler
 .text.startup._GLOBAL__sub_I_g_APinDescription
                0x00005084       0x94 C:\Users\pat spagnardi\AppData\Local\Temp\VMBuilds\RegisteringServices\Anidea Engineering_anidea engineering_samd_ae_fx450\Release\variant\variant.cpp.o
 .text.Dummy_Handler
                0x00005118        0x2 C:\Users\pat spagnardi\AppData\Local\Temp\VMBuilds\RegisteringServices\Anidea Engineering_anidea engineering_samd_ae_fx450\Release/core.a(cortex_handlers.c.o)
                0x00005118                DMAC_Handler
                0x00005118                HardFault_Handler
                0x00005118                AC_Handler
                0x00005118                PendSV_Handler
                0x00005118                NMI_Handler
                0x00005118                TC7_Handler
                0x00005118                SERCOM1_Handler
                0x00005118                ADC_Handler
                0x00005118                TCC1_Handler
                0x00005118                SERCOM2_Handler
                0x00005118                TCC0_Handler
                0x00005118                RTC_Handler
                0x00005118                EIC_Handler
                0x00005118                TC6_Handler
                0x00005118                WDT_Handler
                0x00005118                TC4_Handler
                0x00005118                TC3_Handler
                0x00005118                Dummy_Handler
                0x00005118                PM_Handler
                0x00005118                SVC_Handler
                0x00005118                TCC2_Handler
                0x00005118                EVSYS_Handler
                0x00005118                SERCOM3_Handler
                0x00005118                SERCOM4_Handler
                0x00005118                I2S_Handler
                0x00005118                NVMCTRL_Handler
                0x00005118                DAC_Handler
                0x00005118                PTC_Handler
                0x00005118                SYSCTRL_Handler
 *fill*         0x0000511a        0x2 
 .text.USB_Handler
                0x0000511c       0x14 C:\Users\pat spagnardi\AppData\Local\Temp\VMBuilds\RegisteringServices\Anidea Engineering_anidea engineering_samd_ae_fx450\Release/core.a(cortex_handlers.c.o)
                0x0000511c                USB_Handler
 .text.Reset_Handler
                0x00005130       0x54 C:\Users\pat spagnardi\AppData\Local\Temp\VMBuilds\RegisteringServices\Anidea Engineering_anidea engineering_samd_ae_fx450\Release/core.a(cortex_handlers.c.o)
                0x00005130                Reset_Handler
 .text.SysTick_Handler
                0x00005184       0x10 C:\Users\pat spagnardi\AppData\Local\Temp\VMBuilds\RegisteringServices\Anidea Engineering_anidea engineering_samd_ae_fx450\Release/core.a(cortex_handlers.c.o)
                0x00005184                SysTick_Handler
 .text.USB_SetHandler
                0x00005194        0xc C:\Users\pat spagnardi\AppData\Local\Temp\VMBuilds\RegisteringServices\Anidea Engineering_anidea engineering_samd_ae_fx450\Release/core.a(cortex_handlers.c.o)
                0x00005194                USB_SetHandler
 .text.millis   0x000051a0        0xc C:\Users\pat spagnardi\AppData\Local\Temp\VMBuilds\RegisteringServices\Anidea Engineering_anidea engineering_samd_ae_fx450\Release/core.a(delay.c.o)
                0x000051a0                millis
 .text.delay    0x000051ac       0x20 C:\Users\pat spagnardi\AppData\Local\Temp\VMBuilds\RegisteringServices\Anidea Engineering_anidea engineering_samd_ae_fx450\Release/core.a(delay.c.o)
                0x000051ac                delay
 .text.SysTick_DefaultHandler
                0x000051cc       0x14 C:\Users\pat spagnardi\AppData\Local\Temp\VMBuilds\RegisteringServices\Anidea Engineering_anidea engineering_samd_ae_fx450\Release/core.a(delay.c.o)
                0x000051cc                SysTick_DefaultHandler
 .text.__empty  0x000051e0        0x2 C:\Users\pat spagnardi\AppData\Local\Temp\VMBuilds\RegisteringServices\Anidea Engineering_anidea engineering_samd_ae_fx450\Release/core.a(hooks.c.o)
                0x000051e0                yield
 .text.__false  0x000051e2        0x4 C:\Users\pat spagnardi\AppData\Local\Temp\VMBuilds\RegisteringServices\Anidea Engineering_anidea engineering_samd_ae_fx450\Release/core.a(hooks.c.o)
                0x000051e2                sysTickHook
 *fill*         0x000051e6        0x2 
 .text.SystemInit
                0x000051e8      0x168 C:\Users\pat spagnardi\AppData\Local\Temp\VMBuilds\RegisteringServices\Anidea Engineering_anidea engineering_samd_ae_fx450\Release/core.a(startup.c.o)
                0x000051e8                SystemInit
 .text.init     0x00005350       0xf0 C:\Users\pat spagnardi\AppData\Local\Temp\VMBuilds\RegisteringServices\Anidea Engineering_anidea engineering_samd_ae_fx450\Release/core.a(wiring.c.o)
                0x00005350                init
 .text.analogReference
                0x00005440       0x5c C:\Users\pat spagnardi\AppData\Local\Temp\VMBuilds\RegisteringServices\Anidea Engineering_anidea engineering_samd_ae_fx450\Release/core.a(wiring_analog.c.o)
                0x00005440                analogReference
 .text.pinMode  0x0000549c       0xb4 C:\Users\pat spagnardi\AppData\Local\Temp\VMBuilds\RegisteringServices\Anidea Engineering_anidea engineering_samd_ae_fx450\Release/core.a(wiring_digital.c.o)
                0x0000549c                pinMode
 .text.digitalWrite
                0x00005550       0x60 C:\Users\pat spagnardi\AppData\Local\Temp\VMBuilds\RegisteringServices\Anidea Engineering_anidea engineering_samd_ae_fx450\Release/core.a(wiring_digital.c.o)
                0x00005550                digitalWrite
 .text.pinPeripheral
                0x000055b0       0xc4 C:\Users\pat spagnardi\AppData\Local\Temp\VMBuilds\RegisteringServices\Anidea Engineering_anidea engineering_samd_ae_fx450\Release/core.a(wiring_private.c.o)
                0x000055b0                pinPeripheral
 .text._ZNK9IPAddress7printToER5Print
                0x00005674       0x3c C:\Users\pat spagnardi\AppData\Local\Temp\VMBuilds\RegisteringServices\Anidea Engineering_anidea engineering_samd_ae_fx450\Release/core.a(IPAddress.cpp.o)
                0x00005674                IPAddress::printTo(Print&) const
 .text._ZN9IPAddressC2Ev
                0x000056b0       0x10 C:\Users\pat spagnardi\AppData\Local\Temp\VMBuilds\RegisteringServices\Anidea Engineering_anidea engineering_samd_ae_fx450\Release/core.a(IPAddress.cpp.o)
                0x000056b0                IPAddress::IPAddress()
                0x000056b0                IPAddress::IPAddress()
 .text._ZN9IPAddressC2Ehhhh
                0x000056c0       0x1c C:\Users\pat spagnardi\AppData\Local\Temp\VMBuilds\RegisteringServices\Anidea Engineering_anidea engineering_samd_ae_fx450\Release/core.a(IPAddress.cpp.o)
                0x000056c0                IPAddress::IPAddress(unsigned char, unsigned char, unsigned char, unsigned char)
                0x000056c0                IPAddress::IPAddress(unsigned char, unsigned char, unsigned char, unsigned char)
 .text._ZN9IPAddressC2EPKh
                0x000056dc       0x18 C:\Users\pat spagnardi\AppData\Local\Temp\VMBuilds\RegisteringServices\Anidea Engineering_anidea engineering_samd_ae_fx450\Release/core.a(IPAddress.cpp.o)
                0x000056dc                IPAddress::IPAddress(unsigned char const*)
                0x000056dc                IPAddress::IPAddress(unsigned char const*)
 .text._ZN9IPAddressaSEPKh
                0x000056f4       0x10 C:\Users\pat spagnardi\AppData\Local\Temp\VMBuilds\RegisteringServices\Anidea Engineering_anidea engineering_samd_ae_fx450\Release/core.a(IPAddress.cpp.o)
                0x000056f4                IPAddress::operator=(unsigned char const*)
 .text.startup._GLOBAL__sub_I__ZN9IPAddressC2Ev
                0x00005704       0x1c C:\Users\pat spagnardi\AppData\Local\Temp\VMBuilds\RegisteringServices\Anidea Engineering_anidea engineering_samd_ae_fx450\Release/core.a(IPAddress.cpp.o)
 .text._Z11initVariantv
                0x00005720        0x2 C:\Users\pat spagnardi\AppData\Local\Temp\VMBuilds\RegisteringServices\Anidea Engineering_anidea engineering_samd_ae_fx450\Release/core.a(main.cpp.o)
                0x00005720                initVariant()
 *fill*         0x00005722        0x2 
 .text.startup.main
                0x00005724       0x40 C:\Users\pat spagnardi\AppData\Local\Temp\VMBuilds\RegisteringServices\Anidea Engineering_anidea engineering_samd_ae_fx450\Release/core.a(main.cpp.o)
                0x00005724                main
 .text._Znwj    0x00005764        0x8 C:\Users\pat spagnardi\AppData\Local\Temp\VMBuilds\RegisteringServices\Anidea Engineering_anidea engineering_samd_ae_fx450\Release/core.a(new.cpp.o)
                0x00005764                operator new(unsigned int)
 .text._ZdlPv   0x0000576c        0x8 C:\Users\pat spagnardi\AppData\Local\Temp\VMBuilds\RegisteringServices\Anidea Engineering_anidea engineering_samd_ae_fx450\Release/core.a(new.cpp.o)
                0x0000576c                operator delete(void*)
 .text._ZN5Print5writeEPKhj
                0x00005774       0x28 C:\Users\pat spagnardi\AppData\Local\Temp\VMBuilds\RegisteringServices\Anidea Engineering_anidea engineering_samd_ae_fx450\Release/core.a(Print.cpp.o)
                0x00005774                Print::write(unsigned char const*, unsigned int)
 .text._ZN5Print5printEmi.part.3
                0x0000579c        0xc C:\Users\pat spagnardi\AppData\Local\Temp\VMBuilds\RegisteringServices\Anidea Engineering_anidea engineering_samd_ae_fx450\Release/core.a(Print.cpp.o)
 .text._ZN5Print5writeEPKc
                0x000057a8       0x1c C:\Users\pat spagnardi\AppData\Local\Temp\VMBuilds\RegisteringServices\Anidea Engineering_anidea engineering_samd_ae_fx450\Release/core.a(Print.cpp.o)
                0x000057a8                Print::write(char const*)
 .text._ZN5Print5printEc
                0x000057c4        0xa C:\Users\pat spagnardi\AppData\Local\Temp\VMBuilds\RegisteringServices\Anidea Engineering_anidea engineering_samd_ae_fx450\Release/core.a(Print.cpp.o)
                0x000057c4                Print::print(char)
 .text._ZN5Print5printERK9Printable
                0x000057ce       0x10 C:\Users\pat spagnardi\AppData\Local\Temp\VMBuilds\RegisteringServices\Anidea Engineering_anidea engineering_samd_ae_fx450\Release/core.a(Print.cpp.o)
                0x000057ce                Print::print(Printable const&)
 *fill*         0x000057de        0x2 
 .text._ZN5Print7printlnEv
                0x000057e0       0x10 C:\Users\pat spagnardi\AppData\Local\Temp\VMBuilds\RegisteringServices\Anidea Engineering_anidea engineering_samd_ae_fx450\Release/core.a(Print.cpp.o)
                0x000057e0                Print::println()
 .text._ZN5Print7printlnEPKc
                0x000057f0       0x14 C:\Users\pat spagnardi\AppData\Local\Temp\VMBuilds\RegisteringServices\Anidea Engineering_anidea engineering_samd_ae_fx450\Release/core.a(Print.cpp.o)
                0x000057f0                Print::println(char const*)
 .text._ZN5Print7printlnERK9Printable
                0x00005804       0x14 C:\Users\pat spagnardi\AppData\Local\Temp\VMBuilds\RegisteringServices\Anidea Engineering_anidea engineering_samd_ae_fx450\Release/core.a(Print.cpp.o)
                0x00005804                Print::println(Printable const&)
 .text._ZN5Print11printNumberEmh
                0x00005818       0x4e C:\Users\pat spagnardi\AppData\Local\Temp\VMBuilds\RegisteringServices\Anidea Engineering_anidea engineering_samd_ae_fx450\Release/core.a(Print.cpp.o)
                0x00005818                Print::printNumber(unsigned long, unsigned char)
 .text._ZN5Print5printEli
                0x00005866       0x3c C:\Users\pat spagnardi\AppData\Local\Temp\VMBuilds\RegisteringServices\Anidea Engineering_anidea engineering_samd_ae_fx450\Release/core.a(Print.cpp.o)
                0x00005866                Print::print(long, int)
 .text._ZN5Print7printlnEii
                0x000058a2       0x14 C:\Users\pat spagnardi\AppData\Local\Temp\VMBuilds\RegisteringServices\Anidea Engineering_anidea engineering_samd_ae_fx450\Release/core.a(Print.cpp.o)
                0x000058a2                Print::println(int, int)
 .text._ZN5Print5printEmi
                0x000058b6       0x14 C:\Users\pat spagnardi\AppData\Local\Temp\VMBuilds\RegisteringServices\Anidea Engineering_anidea engineering_samd_ae_fx450\Release/core.a(Print.cpp.o)
                0x000058b6                Print::print(unsigned long, int)
 .text._ZN5Print5printEhi
                0x000058ca        0x8 C:\Users\pat spagnardi\AppData\Local\Temp\VMBuilds\RegisteringServices\Anidea Engineering_anidea engineering_samd_ae_fx450\Release/core.a(Print.cpp.o)
                0x000058ca                Print::print(unsigned char, int)
 *fill*         0x000058d2        0x2 
 .text.initiateReset
                0x000058d4        0xc C:\Users\pat spagnardi\AppData\Local\Temp\VMBuilds\RegisteringServices\Anidea Engineering_anidea engineering_samd_ae_fx450\Release/core.a(Reset.cpp.o)
                0x000058d4                initiateReset
 .text.cancelReset
                0x000058e0       0x10 C:\Users\pat spagnardi\AppData\Local\Temp\VMBuilds\RegisteringServices\Anidea Engineering_anidea engineering_samd_ae_fx450\Release/core.a(Reset.cpp.o)
                0x000058e0                cancelReset
 .text.tickReset
                0x000058f0       0x74 C:\Users\pat spagnardi\AppData\Local\Temp\VMBuilds\RegisteringServices\Anidea Engineering_anidea engineering_samd_ae_fx450\Release/core.a(Reset.cpp.o)
                0x000058f0                tickReset
 .text._ZN6SERCOMC2EP6Sercom
                0x00005964        0x4 C:\Users\pat spagnardi\AppData\Local\Temp\VMBuilds\RegisteringServices\Anidea Engineering_anidea engineering_samd_ae_fx450\Release/core.a(SERCOM.cpp.o)
                0x00005964                SERCOM::SERCOM(Sercom*)
                0x00005964                SERCOM::SERCOM(Sercom*)
 .text._ZN6SERCOM9initFrameE18SercomUartCharSize15SercomDataOrder16SercomParityMode19SercomNumberStopBit
                0x00005968       0x38 C:\Users\pat spagnardi\AppData\Local\Temp\VMBuilds\RegisteringServices\Anidea Engineering_anidea engineering_samd_ae_fx450\Release/core.a(SERCOM.cpp.o)
                0x00005968                SERCOM::initFrame(SercomUartCharSize, SercomDataOrder, SercomParityMode, SercomNumberStopBit)
 .text._ZN6SERCOM8initPadsE15SercomUartTXPad11SercomRXPad
                0x000059a0       0x26 C:\Users\pat spagnardi\AppData\Local\Temp\VMBuilds\RegisteringServices\Anidea Engineering_anidea engineering_samd_ae_fx450\Release/core.a(SERCOM.cpp.o)
                0x000059a0                SERCOM::initPads(SercomUartTXPad, SercomRXPad)
 .text._ZN6SERCOM9resetUARTEv
                0x000059c6       0x1c C:\Users\pat spagnardi\AppData\Local\Temp\VMBuilds\RegisteringServices\Anidea Engineering_anidea engineering_samd_ae_fx450\Release/core.a(SERCOM.cpp.o)
                0x000059c6                SERCOM::resetUART()
 .text._ZN6SERCOM10enableUARTEv
                0x000059e2       0x14 C:\Users\pat spagnardi\AppData\Local\Temp\VMBuilds\RegisteringServices\Anidea Engineering_anidea engineering_samd_ae_fx450\Release/core.a(SERCOM.cpp.o)
                0x000059e2                SERCOM::enableUART()
 .text._ZN6SERCOM9flushUARTEv
                0x000059f6       0x10 C:\Users\pat spagnardi\AppData\Local\Temp\VMBuilds\RegisteringServices\Anidea Engineering_anidea engineering_samd_ae_fx450\Release/core.a(SERCOM.cpp.o)
                0x000059f6                SERCOM::flushUART()
 .text._ZN6SERCOM15clearStatusUARTEv
                0x00005a06        0x8 C:\Users\pat spagnardi\AppData\Local\Temp\VMBuilds\RegisteringServices\Anidea Engineering_anidea engineering_samd_ae_fx450\Release/core.a(SERCOM.cpp.o)
                0x00005a06                SERCOM::clearStatusUART()
 .text._ZN6SERCOM17availableDataUARTEv
                0x00005a0e        0xa C:\Users\pat spagnardi\AppData\Local\Temp\VMBuilds\RegisteringServices\Anidea Engineering_anidea engineering_samd_ae_fx450\Release/core.a(SERCOM.cpp.o)
                0x00005a0e                SERCOM::availableDataUART()
 .text._ZN6SERCOM11isUARTErrorEv
                0x00005a18        0x8 C:\Users\pat spagnardi\AppData\Local\Temp\VMBuilds\RegisteringServices\Anidea Engineering_anidea engineering_samd_ae_fx450\Release/core.a(SERCOM.cpp.o)
                0x00005a18                SERCOM::isUARTError()
 .text._ZN6SERCOM20acknowledgeUARTErrorEv
                0x00005a20        0xe C:\Users\pat spagnardi\AppData\Local\Temp\VMBuilds\RegisteringServices\Anidea Engineering_anidea engineering_samd_ae_fx450\Release/core.a(SERCOM.cpp.o)
                0x00005a20                SERCOM::acknowledgeUARTError()
 .text._ZN6SERCOM12readDataUARTEv
                0x00005a2e        0x8 C:\Users\pat spagnardi\AppData\Local\Temp\VMBuilds\RegisteringServices\Anidea Engineering_anidea engineering_samd_ae_fx450\Release/core.a(SERCOM.cpp.o)
                0x00005a2e                SERCOM::readDataUART()
 .text._ZN6SERCOM13writeDataUARTEh
                0x00005a36        0xe C:\Users\pat spagnardi\AppData\Local\Temp\VMBuilds\RegisteringServices\Anidea Engineering_anidea engineering_samd_ae_fx450\Release/core.a(SERCOM.cpp.o)
                0x00005a36                SERCOM::writeDataUART(unsigned char)
 .text._ZN6SERCOM12initSPIClockE18SercomSpiClockModem
                0x00005a44       0x30 C:\Users\pat spagnardi\AppData\Local\Temp\VMBuilds\RegisteringServices\Anidea Engineering_anidea engineering_samd_ae_fx450\Release/core.a(SERCOM.cpp.o)
                0x00005a44                SERCOM::initSPIClock(SercomSpiClockMode, unsigned long)
 .text._ZN6SERCOM8resetSPIEv
                0x00005a74       0x1c C:\Users\pat spagnardi\AppData\Local\Temp\VMBuilds\RegisteringServices\Anidea Engineering_anidea engineering_samd_ae_fx450\Release/core.a(SERCOM.cpp.o)
                0x00005a74                SERCOM::resetSPI()
 .text._ZN6SERCOM9enableSPIEv
                0x00005a90       0x14 C:\Users\pat spagnardi\AppData\Local\Temp\VMBuilds\RegisteringServices\Anidea Engineering_anidea engineering_samd_ae_fx450\Release/core.a(SERCOM.cpp.o)
                0x00005a90                SERCOM::enableSPI()
 .text._ZN6SERCOM10disableSPIEv
                0x00005aa4       0x12 C:\Users\pat spagnardi\AppData\Local\Temp\VMBuilds\RegisteringServices\Anidea Engineering_anidea engineering_samd_ae_fx450\Release/core.a(SERCOM.cpp.o)
                0x00005aa4                SERCOM::disableSPI()
 .text._ZN6SERCOM15transferDataSPIEh
                0x00005ab6       0x1a C:\Users\pat spagnardi\AppData\Local\Temp\VMBuilds\RegisteringServices\Anidea Engineering_anidea engineering_samd_ae_fx450\Release/core.a(SERCOM.cpp.o)
                0x00005ab6                SERCOM::transferDataSPI(unsigned char)
 .text._ZN6SERCOM13initClockNVICEv
                0x00005ad0       0xac C:\Users\pat spagnardi\AppData\Local\Temp\VMBuilds\RegisteringServices\Anidea Engineering_anidea engineering_samd_ae_fx450\Release/core.a(SERCOM.cpp.o)
                0x00005ad0                SERCOM::initClockNVIC()
 .text._ZN6SERCOM8initUARTE14SercomUartMode20SercomUartSampleRatem
                0x00005b7c       0x6c C:\Users\pat spagnardi\AppData\Local\Temp\VMBuilds\RegisteringServices\Anidea Engineering_anidea engineering_samd_ae_fx450\Release/core.a(SERCOM.cpp.o)
                0x00005b7c                SERCOM::initUART(SercomUartMode, SercomUartSampleRate, unsigned long)
 .text._ZN6SERCOM7initSPIE14SercomSpiTXPad11SercomRXPad17SercomSpiCharSize15SercomDataOrder
                0x00005be8       0x48 C:\Users\pat spagnardi\AppData\Local\Temp\VMBuilds\RegisteringServices\Anidea Engineering_anidea engineering_samd_ae_fx450\Release/core.a(SERCOM.cpp.o)
                0x00005be8                SERCOM::initSPI(SercomSpiTXPad, SercomRXPad, SercomSpiCharSize, SercomDataOrder)
 .text._ZN4UartcvbEv
                0x00005c30        0x4 C:\Users\pat spagnardi\AppData\Local\Temp\VMBuilds\RegisteringServices\Anidea Engineering_anidea engineering_samd_ae_fx450\Release/core.a(Uart.cpp.o)
                0x00005c30                Uart::operator bool()
 .text._ZN4Uart5beginEm
                0x00005c34       0x10 C:\Users\pat spagnardi\AppData\Local\Temp\VMBuilds\RegisteringServices\Anidea Engineering_anidea engineering_samd_ae_fx450\Release/core.a(Uart.cpp.o)
                0x00005c34                Uart::begin(unsigned long)
 .text._ZN4Uart3endEv
                0x00005c44       0x14 C:\Users\pat spagnardi\AppData\Local\Temp\VMBuilds\RegisteringServices\Anidea Engineering_anidea engineering_samd_ae_fx450\Release/core.a(Uart.cpp.o)
                0x00005c44                Uart::end()
 .text._ZN4Uart5flushEv
                0x00005c58        0xa C:\Users\pat spagnardi\AppData\Local\Temp\VMBuilds\RegisteringServices\Anidea Engineering_anidea engineering_samd_ae_fx450\Release/core.a(Uart.cpp.o)
                0x00005c58                Uart::flush()
 .text._ZN4Uart9availableEv
                0x00005c62        0xa C:\Users\pat spagnardi\AppData\Local\Temp\VMBuilds\RegisteringServices\Anidea Engineering_anidea engineering_samd_ae_fx450\Release/core.a(Uart.cpp.o)
                0x00005c62                Uart::available()
 .text._ZN4Uart4peekEv
                0x00005c6c        0xa C:\Users\pat spagnardi\AppData\Local\Temp\VMBuilds\RegisteringServices\Anidea Engineering_anidea engineering_samd_ae_fx450\Release/core.a(Uart.cpp.o)
                0x00005c6c                Uart::peek()
 .text._ZN4Uart4readEv
                0x00005c76        0xa C:\Users\pat spagnardi\AppData\Local\Temp\VMBuilds\RegisteringServices\Anidea Engineering_anidea engineering_samd_ae_fx450\Release/core.a(Uart.cpp.o)
                0x00005c76                Uart::read()
 .text._ZN4Uart5writeEh
                0x00005c80        0xc C:\Users\pat spagnardi\AppData\Local\Temp\VMBuilds\RegisteringServices\Anidea Engineering_anidea engineering_samd_ae_fx450\Release/core.a(Uart.cpp.o)
                0x00005c80                Uart::write(unsigned char)
 .text._ZN4UartC2EP6SERCOMhh11SercomRXPad15SercomUartTXPad
                0x00005c8c       0x48 C:\Users\pat spagnardi\AppData\Local\Temp\VMBuilds\RegisteringServices\Anidea Engineering_anidea engineering_samd_ae_fx450\Release/core.a(Uart.cpp.o)
                0x00005c8c                Uart::Uart(SERCOM*, unsigned char, unsigned char, SercomRXPad, SercomUartTXPad)
                0x00005c8c                Uart::Uart(SERCOM*, unsigned char, unsigned char, SercomRXPad, SercomUartTXPad)
 .text._ZN4Uart10IrqHandlerEv
                0x00005cd4       0x36 C:\Users\pat spagnardi\AppData\Local\Temp\VMBuilds\RegisteringServices\Anidea Engineering_anidea engineering_samd_ae_fx450\Release/core.a(Uart.cpp.o)
                0x00005cd4                Uart::IrqHandler()
 .text._ZN4Uart16extractNbStopBitEt
                0x00005d0a        0xe C:\Users\pat spagnardi\AppData\Local\Temp\VMBuilds\RegisteringServices\Anidea Engineering_anidea engineering_samd_ae_fx450\Release/core.a(Uart.cpp.o)
                0x00005d0a                Uart::extractNbStopBit(unsigned short)
 .text._ZN4Uart15extractCharSizeEt
                0x00005d18       0x2c C:\Users\pat spagnardi\AppData\Local\Temp\VMBuilds\RegisteringServices\Anidea Engineering_anidea engineering_samd_ae_fx450\Release/core.a(Uart.cpp.o)
                0x00005d18                Uart::extractCharSize(unsigned short)
 .text._ZN4Uart13extractParityEt
                0x00005d44       0x18 C:\Users\pat spagnardi\AppData\Local\Temp\VMBuilds\RegisteringServices\Anidea Engineering_anidea engineering_samd_ae_fx450\Release/core.a(Uart.cpp.o)
                0x00005d44                Uart::extractParity(unsigned short)
 .text._ZN4Uart5beginEmt
                0x00005d5c       0x88 C:\Users\pat spagnardi\AppData\Local\Temp\VMBuilds\RegisteringServices\Anidea Engineering_anidea engineering_samd_ae_fx450\Release/core.a(Uart.cpp.o)
                0x00005d5c                Uart::begin(unsigned long, unsigned short)
 .text._Z6randoml
                0x00005de4       0x18 C:\Users\pat spagnardi\AppData\Local\Temp\VMBuilds\RegisteringServices\Anidea Engineering_anidea engineering_samd_ae_fx450\Release/core.a(WMath.cpp.o)
                0x00005de4                random(long)
 .text._Z6randomll
                0x00005dfc       0x14 C:\Users\pat spagnardi\AppData\Local\Temp\VMBuilds\RegisteringServices\Anidea Engineering_anidea engineering_samd_ae_fx450\Release/core.a(WMath.cpp.o)
                0x00005dfc                random(long, long)
 .text._ZN7Serial_17availableForWriteEv
                0x00005e10        0x4 C:\Users\pat spagnardi\AppData\Local\Temp\VMBuilds\RegisteringServices\Anidea Engineering_anidea engineering_samd_ae_fx450\Release/core.a(CDC.cpp.o)
                0x00005e10                Serial_::availableForWrite()
 .text._ZN7Serial_5writeEh
                0x00005e14       0x14 C:\Users\pat spagnardi\AppData\Local\Temp\VMBuilds\RegisteringServices\Anidea Engineering_anidea engineering_samd_ae_fx450\Release/core.a(CDC.cpp.o)
                0x00005e14                Serial_::write(unsigned char)
 .text._ZN7Serial_9availableEv
                0x00005e28        0xc C:\Users\pat spagnardi\AppData\Local\Temp\VMBuilds\RegisteringServices\Anidea Engineering_anidea engineering_samd_ae_fx450\Release/core.a(CDC.cpp.o)
                0x00005e28                Serial_::available()
 .text._ZN7Serial_5flushEv
                0x00005e34        0xc C:\Users\pat spagnardi\AppData\Local\Temp\VMBuilds\RegisteringServices\Anidea Engineering_anidea engineering_samd_ae_fx450\Release/core.a(CDC.cpp.o)
                0x00005e34                Serial_::flush()
 .text._ZN7Serial_5writeEPKhj
                0x00005e40       0x1c C:\Users\pat spagnardi\AppData\Local\Temp\VMBuilds\RegisteringServices\Anidea Engineering_anidea engineering_samd_ae_fx450\Release/core.a(CDC.cpp.o)
                0x00005e40                Serial_::write(unsigned char const*, unsigned int)
 .text._ZN7Serial_4peekEv
                0x00005e5c       0x1c C:\Users\pat spagnardi\AppData\Local\Temp\VMBuilds\RegisteringServices\Anidea Engineering_anidea engineering_samd_ae_fx450\Release/core.a(CDC.cpp.o)
                0x00005e5c                Serial_::peek()
 .text._ZN7Serial_4readEv
                0x00005e78       0x24 C:\Users\pat spagnardi\AppData\Local\Temp\VMBuilds\RegisteringServices\Anidea Engineering_anidea engineering_samd_ae_fx450\Release/core.a(CDC.cpp.o)
                0x00005e78                Serial_::read()
 .text._Z16CDC_GetInterfacePh
                0x00005e9c       0x1c C:\Users\pat spagnardi\AppData\Local\Temp\VMBuilds\RegisteringServices\Anidea Engineering_anidea engineering_samd_ae_fx450\Release/core.a(CDC.cpp.o)
                0x00005e9c                CDC_GetInterface(unsigned char*)
 .text._Z9CDC_SetupR8USBSetup
                0x00005eb8       0x80 C:\Users\pat spagnardi\AppData\Local\Temp\VMBuilds\RegisteringServices\Anidea Engineering_anidea engineering_samd_ae_fx450\Release/core.a(CDC.cpp.o)
                0x00005eb8                CDC_Setup(USBSetup&)
 .text._ZN7Serial_5beginEm
                0x00005f38        0x2 C:\Users\pat spagnardi\AppData\Local\Temp\VMBuilds\RegisteringServices\Anidea Engineering_anidea engineering_samd_ae_fx450\Release/core.a(CDC.cpp.o)
                0x00005f38                Serial_::begin(unsigned long)
 *fill*         0x00005f3a        0x2 
 .text.startup._GLOBAL__sub_I__Z17_CDC_GetInterfacev
                0x00005f3c       0x28 C:\Users\pat spagnardi\AppData\Local\Temp\VMBuilds\RegisteringServices\Anidea Engineering_anidea engineering_samd_ae_fx450\Release/core.a(CDC.cpp.o)
 .text._ZN14USBDeviceClass6initEPEmm.part.4
                0x00005f64       0x80 C:\Users\pat spagnardi\AppData\Local\Temp\VMBuilds\RegisteringServices\Anidea Engineering_anidea engineering_samd_ae_fx450\Release/core.a(USBCore.cpp.o)
 .text._ZN20USBDevice_SAMD21G18x5resetEv
                0x00005fe4       0x28 C:\Users\pat spagnardi\AppData\Local\Temp\VMBuilds\RegisteringServices\Anidea Engineering_anidea engineering_samd_ae_fx450\Release/core.a(USBCore.cpp.o)
                0x00005fe4                USBDevice_SAMD21G18x::reset()
 .text._ZN20USBDevice_SAMD21G18x9calibrateEv
                0x0000600c       0x5c C:\Users\pat spagnardi\AppData\Local\Temp\VMBuilds\RegisteringServices\Anidea Engineering_anidea engineering_samd_ae_fx450\Release/core.a(USBCore.cpp.o)
                0x0000600c                USBDevice_SAMD21G18x::calibrate()
 .text._ZN7__GuardC2Ev
                0x00006068        0xe C:\Users\pat spagnardi\AppData\Local\Temp\VMBuilds\RegisteringServices\Anidea Engineering_anidea engineering_samd_ae_fx450\Release/core.a(USBCore.cpp.o)
                0x00006068                __Guard::__Guard()
                0x00006068                __Guard::__Guard()
 .text._ZN7__GuardD2Ev
                0x00006076        0xe C:\Users\pat spagnardi\AppData\Local\Temp\VMBuilds\RegisteringServices\Anidea Engineering_anidea engineering_samd_ae_fx450\Release/core.a(USBCore.cpp.o)
                0x00006076                __Guard::~__Guard()
                0x00006076                __Guard::~__Guard()
 .text._ZNK26DoubleBufferedEPOutHandler9availableEv
                0x00006084       0x5e C:\Users\pat spagnardi\AppData\Local\Temp\VMBuilds\RegisteringServices\Anidea Engineering_anidea engineering_samd_ae_fx450\Release/core.a(USBCore.cpp.o)
                0x00006084                DoubleBufferedEPOutHandler::available() const
 *fill*         0x000060e2        0x2 
 .text._ZN26DoubleBufferedEPOutHandler7releaseEv
                0x000060e4       0x58 C:\Users\pat spagnardi\AppData\Local\Temp\VMBuilds\RegisteringServices\Anidea Engineering_anidea engineering_samd_ae_fx450\Release/core.a(USBCore.cpp.o)
                0x000060e4                DoubleBufferedEPOutHandler::release()
 .text._ZN26DoubleBufferedEPOutHandler4recvEPvm
                0x0000613c      0x11c C:\Users\pat spagnardi\AppData\Local\Temp\VMBuilds\RegisteringServices\Anidea Engineering_anidea engineering_samd_ae_fx450\Release/core.a(USBCore.cpp.o)
                0x0000613c                DoubleBufferedEPOutHandler::recv(void*, unsigned long)
 .text._ZN26DoubleBufferedEPOutHandler14handleEndpointEv
                0x00006258       0xc4 C:\Users\pat spagnardi\AppData\Local\Temp\VMBuilds\RegisteringServices\Anidea Engineering_anidea engineering_samd_ae_fx450\Release/core.a(USBCore.cpp.o)
                0x00006258                DoubleBufferedEPOutHandler::handleEndpoint()
 .text._ZN14USBDeviceClass14SendInterfacesEPm
                0x0000631c       0x2c C:\Users\pat spagnardi\AppData\Local\Temp\VMBuilds\RegisteringServices\Anidea Engineering_anidea engineering_samd_ae_fx450\Release/core.a(USBCore.cpp.o)
                0x0000631c                USBDeviceClass::SendInterfaces(unsigned long*)
 .text._ZN14USBDeviceClass14handleEndpointEh
                0x00006348       0x40 C:\Users\pat spagnardi\AppData\Local\Temp\VMBuilds\RegisteringServices\Anidea Engineering_anidea engineering_samd_ae_fx450\Release/core.a(USBCore.cpp.o)
                0x00006348                USBDeviceClass::handleEndpoint(unsigned char)
 .text._ZN14USBDeviceClass4initEv
                0x00006388       0xf0 C:\Users\pat spagnardi\AppData\Local\Temp\VMBuilds\RegisteringServices\Anidea Engineering_anidea engineering_samd_ae_fx450\Release/core.a(USBCore.cpp.o)
                0x00006388                USBDeviceClass::init()
 .text._ZN14USBDeviceClass6attachEv
                0x00006478       0x34 C:\Users\pat spagnardi\AppData\Local\Temp\VMBuilds\RegisteringServices\Anidea Engineering_anidea engineering_samd_ae_fx450\Release/core.a(USBCore.cpp.o)
                0x00006478                USBDeviceClass::attach()
 .text._ZN14USBDeviceClass10setAddressEm
                0x000064ac       0x48 C:\Users\pat spagnardi\AppData\Local\Temp\VMBuilds\RegisteringServices\Anidea Engineering_anidea engineering_samd_ae_fx450\Release/core.a(USBCore.cpp.o)
                0x000064ac                USBDeviceClass::setAddress(unsigned long)
 .text._ZN14USBDeviceClass25handleClassInterfaceSetupER8USBSetup
                0x000064f4       0x40 C:\Users\pat spagnardi\AppData\Local\Temp\VMBuilds\RegisteringServices\Anidea Engineering_anidea engineering_samd_ae_fx450\Release/core.a(USBCore.cpp.o)
                0x000064f4                USBDeviceClass::handleClassInterfaceSetup(USBSetup&)
 .text._ZN14USBDeviceClass6initEPEmm
                0x00006534      0x128 C:\Users\pat spagnardi\AppData\Local\Temp\VMBuilds\RegisteringServices\Anidea Engineering_anidea engineering_samd_ae_fx450\Release/core.a(USBCore.cpp.o)
                0x00006534                USBDeviceClass::initEP(unsigned long, unsigned long)
 .text._ZN14USBDeviceClass13initEndpointsEv
                0x0000665c       0x24 C:\Users\pat spagnardi\AppData\Local\Temp\VMBuilds\RegisteringServices\Anidea Engineering_anidea engineering_samd_ae_fx450\Release/core.a(USBCore.cpp.o)
                0x0000665c                USBDeviceClass::initEndpoints()
 .text._ZN14USBDeviceClass9availableEm
                0x00006680       0x2c C:\Users\pat spagnardi\AppData\Local\Temp\VMBuilds\RegisteringServices\Anidea Engineering_anidea engineering_samd_ae_fx450\Release/core.a(USBCore.cpp.o)
                0x00006680                USBDeviceClass::available(unsigned long)
 .text._ZN14USBDeviceClass5flushEm
                0x000066ac       0x2c C:\Users\pat spagnardi\AppData\Local\Temp\VMBuilds\RegisteringServices\Anidea Engineering_anidea engineering_samd_ae_fx450\Release/core.a(USBCore.cpp.o)
                0x000066ac                USBDeviceClass::flush(unsigned long)
 .text._ZN14USBDeviceClass14armRecvCtrlOUTEm
                0x000066d8       0x60 C:\Users\pat spagnardi\AppData\Local\Temp\VMBuilds\RegisteringServices\Anidea Engineering_anidea engineering_samd_ae_fx450\Release/core.a(USBCore.cpp.o)
                0x000066d8                USBDeviceClass::armRecvCtrlOUT(unsigned long)
 .text._ZN14USBDeviceClass11recvControlEPvm
                0x00006738       0x3c C:\Users\pat spagnardi\AppData\Local\Temp\VMBuilds\RegisteringServices\Anidea Engineering_anidea engineering_samd_ae_fx450\Release/core.a(USBCore.cpp.o)
                0x00006738                USBDeviceClass::recvControl(void*, unsigned long)
 .text._ZN14USBDeviceClass7armRecvEm
                0x00006774       0x3c C:\Users\pat spagnardi\AppData\Local\Temp\VMBuilds\RegisteringServices\Anidea Engineering_anidea engineering_samd_ae_fx450\Release/core.a(USBCore.cpp.o)
                0x00006774                USBDeviceClass::armRecv(unsigned long)
 .text._ZN14USBDeviceClass4recvEmPvm
                0x000067b0       0xd8 C:\Users\pat spagnardi\AppData\Local\Temp\VMBuilds\RegisteringServices\Anidea Engineering_anidea engineering_samd_ae_fx450\Release/core.a(USBCore.cpp.o)
                0x000067b0                USBDeviceClass::recv(unsigned long, void*, unsigned long)
 .text._ZN14USBDeviceClass4recvEm
                0x00006888       0x1c C:\Users\pat spagnardi\AppData\Local\Temp\VMBuilds\RegisteringServices\Anidea Engineering_anidea engineering_samd_ae_fx450\Release/core.a(USBCore.cpp.o)
                0x00006888                USBDeviceClass::recv(unsigned long)
 .text._ZN14USBDeviceClass4sendEmPKvm
                0x000068a4      0x124 C:\Users\pat spagnardi\AppData\Local\Temp\VMBuilds\RegisteringServices\Anidea Engineering_anidea engineering_samd_ae_fx450\Release/core.a(USBCore.cpp.o)
                0x000068a4                USBDeviceClass::send(unsigned long, void const*, unsigned long)
 .text._ZN14USBDeviceClass7armSendEmPKvm
                0x000069c8       0x48 C:\Users\pat spagnardi\AppData\Local\Temp\VMBuilds\RegisteringServices\Anidea Engineering_anidea engineering_samd_ae_fx450\Release/core.a(USBCore.cpp.o)
                0x000069c8                USBDeviceClass::armSend(unsigned long, void const*, unsigned long)
 .text._ZN14USBDeviceClass11sendControlEPKvm
                0x00006a10       0x58 C:\Users\pat spagnardi\AppData\Local\Temp\VMBuilds\RegisteringServices\Anidea Engineering_anidea engineering_samd_ae_fx450\Release/core.a(USBCore.cpp.o)
                0x00006a10                USBDeviceClass::sendControl(void const*, unsigned long)
 .text._ZN14USBDeviceClass20sendStringDescriptorEPKhh
                0x00006a68       0x68 C:\Users\pat spagnardi\AppData\Local\Temp\VMBuilds\RegisteringServices\Anidea Engineering_anidea engineering_samd_ae_fx450\Release/core.a(USBCore.cpp.o)
                0x00006a68                USBDeviceClass::sendStringDescriptor(unsigned char const*, unsigned char)
 .text._ZN14USBDeviceClass12packMessagesEb.part.6
                0x00006ad0       0x20 C:\Users\pat spagnardi\AppData\Local\Temp\VMBuilds\RegisteringServices\Anidea Engineering_anidea engineering_samd_ae_fx450\Release/core.a(USBCore.cpp.o)
 .text._ZN14USBDeviceClass17sendConfigurationEm
                0x00006af0       0x90 C:\Users\pat spagnardi\AppData\Local\Temp\VMBuilds\RegisteringServices\Anidea Engineering_anidea engineering_samd_ae_fx450\Release/core.a(USBCore.cpp.o)
                0x00006af0                USBDeviceClass::sendConfiguration(unsigned long)
 .text._ZN14USBDeviceClass14sendDescriptorER8USBSetup
                0x00006b80       0xb4 C:\Users\pat spagnardi\AppData\Local\Temp\VMBuilds\RegisteringServices\Anidea Engineering_anidea engineering_samd_ae_fx450\Release/core.a(USBCore.cpp.o)
                0x00006b80                USBDeviceClass::sendDescriptor(USBSetup&)
 .text._ZN14USBDeviceClass19handleStandardSetupER8USBSetup
                0x00006c34      0x118 C:\Users\pat spagnardi\AppData\Local\Temp\VMBuilds\RegisteringServices\Anidea Engineering_anidea engineering_samd_ae_fx450\Release/core.a(USBCore.cpp.o)
                0x00006c34                USBDeviceClass::handleStandardSetup(USBSetup&)
 .text._ZN14USBDeviceClass10ISRHandlerEv
                0x00006d4c      0x150 C:\Users\pat spagnardi\AppData\Local\Temp\VMBuilds\RegisteringServices\Anidea Engineering_anidea engineering_samd_ae_fx450\Release/core.a(USBCore.cpp.o)
                0x00006d4c                USBDeviceClass::ISRHandler()
 .text.UDD_Handler
                0x00006e9c       0x10 C:\Users\pat spagnardi\AppData\Local\Temp\VMBuilds\RegisteringServices\Anidea Engineering_anidea engineering_samd_ae_fx450\Release/core.a(USBCore.cpp.o)
                0x00006e9c                UDD_Handler
 .text.startup._GLOBAL__sub_I__ZN20USBDevice_SAMD21G18x5resetEv
                0x00006eac       0x10 C:\Users\pat spagnardi\AppData\Local\Temp\VMBuilds\RegisteringServices\Anidea Engineering_anidea engineering_samd_ae_fx450\Release/core.a(USBCore.cpp.o)
 .text._ZN10RingBufferC2Ev
                0x00006ebc       0x1a C:\Users\pat spagnardi\AppData\Local\Temp\VMBuilds\RegisteringServices\Anidea Engineering_anidea engineering_samd_ae_fx450\Release/core.a(RingBuffer.cpp.o)
                0x00006ebc                RingBuffer::RingBuffer()
                0x00006ebc                RingBuffer::RingBuffer()
 .text._ZN10RingBuffer10store_charEh
                0x00006ed6       0x24 C:\Users\pat spagnardi\AppData\Local\Temp\VMBuilds\RegisteringServices\Anidea Engineering_anidea engineering_samd_ae_fx450\Release/core.a(RingBuffer.cpp.o)
                0x00006ed6                RingBuffer::store_char(unsigned char)
 .text._ZN10RingBuffer5clearEv
                0x00006efa        0xe C:\Users\pat spagnardi\AppData\Local\Temp\VMBuilds\RegisteringServices\Anidea Engineering_anidea engineering_samd_ae_fx450\Release/core.a(RingBuffer.cpp.o)
                0x00006efa                RingBuffer::clear()
 .text._ZN10RingBuffer9read_charEv
                0x00006f08       0x28 C:\Users\pat spagnardi\AppData\Local\Temp\VMBuilds\RegisteringServices\Anidea Engineering_anidea engineering_samd_ae_fx450\Release/core.a(RingBuffer.cpp.o)
                0x00006f08                RingBuffer::read_char()
 .text._ZN10RingBuffer9availableEv
                0x00006f30       0x12 C:\Users\pat spagnardi\AppData\Local\Temp\VMBuilds\RegisteringServices\Anidea Engineering_anidea engineering_samd_ae_fx450\Release/core.a(RingBuffer.cpp.o)
                0x00006f30                RingBuffer::available()
 .text._ZN10RingBuffer4peekEv
                0x00006f42       0x1a C:\Users\pat spagnardi\AppData\Local\Temp\VMBuilds\RegisteringServices\Anidea Engineering_anidea engineering_samd_ae_fx450\Release/core.a(RingBuffer.cpp.o)
                0x00006f42                RingBuffer::peek()
 .text._ZN13PluggableUSB_12getInterfaceEPh
                0x00006f5c       0x2a C:\Users\pat spagnardi\AppData\Local\Temp\VMBuilds\RegisteringServices\Anidea Engineering_anidea engineering_samd_ae_fx450\Release/core.a(PluggableUSB.cpp.o)
                0x00006f5c                PluggableUSB_::getInterface(unsigned char*)
 .text._ZN13PluggableUSB_13getDescriptorER8USBSetup
                0x00006f86       0x20 C:\Users\pat spagnardi\AppData\Local\Temp\VMBuilds\RegisteringServices\Anidea Engineering_anidea engineering_samd_ae_fx450\Release/core.a(PluggableUSB.cpp.o)
                0x00006f86                PluggableUSB_::getDescriptor(USBSetup&)
 .text._ZN13PluggableUSB_12getShortNameEPc
                0x00006fa6       0x1e C:\Users\pat spagnardi\AppData\Local\Temp\VMBuilds\RegisteringServices\Anidea Engineering_anidea engineering_samd_ae_fx450\Release/core.a(PluggableUSB.cpp.o)
                0x00006fa6                PluggableUSB_::getShortName(char*)
 .text._ZN13PluggableUSB_5setupER8USBSetup
                0x00006fc4       0x24 C:\Users\pat spagnardi\AppData\Local\Temp\VMBuilds\RegisteringServices\Anidea Engineering_anidea engineering_samd_ae_fx450\Release/core.a(PluggableUSB.cpp.o)
                0x00006fc4                PluggableUSB_::setup(USBSetup&)
 .text._Z12PluggableUSBv
                0x00006fe8       0x24 C:\Users\pat spagnardi\AppData\Local\Temp\VMBuilds\RegisteringServices\Anidea Engineering_anidea engineering_samd_ae_fx450\Release/core.a(PluggableUSB.cpp.o)
                0x00006fe8                PluggableUSB()
 .text          0x0000700c       0x14 c:/users/pat spagnardi/appdata/local/arduino15/packages/arduino/tools/arm-none-eabi-gcc/4.8.3-2014q1/bin/../lib/gcc/arm-none-eabi/4.8.3/armv6-m\libgcc.a(_thumb1_case_uqi.o)
                0x0000700c                __gnu_thumb1_case_uqi
 .text          0x00007020       0x14 c:/users/pat spagnardi/appdata/local/arduino15/packages/arduino/tools/arm-none-eabi-gcc/4.8.3-2014q1/bin/../lib/gcc/arm-none-eabi/4.8.3/armv6-m\libgcc.a(_thumb1_case_uhi.o)
                0x00007020                __gnu_thumb1_case_uhi
 .text          0x00007034       0x9c c:/users/pat spagnardi/appdata/local/arduino15/packages/arduino/tools/arm-none-eabi-gcc/4.8.3-2014q1/bin/../lib/gcc/arm-none-eabi/4.8.3/armv6-m\libgcc.a(_udivsi3.o)
                0x00007034                __aeabi_uidiv
                0x00007034                __udivsi3
                0x000070bc                __aeabi_uidivmod
 .text          0x000070d0       0xc0 c:/users/pat spagnardi/appdata/local/arduino15/packages/arduino/tools/arm-none-eabi-gcc/4.8.3-2014q1/bin/../lib/gcc/arm-none-eabi/4.8.3/armv6-m\libgcc.a(_divsi3.o)
                0x000070d0                __divsi3
                0x000070d0                __aeabi_idiv
                0x0000717c                __aeabi_idivmod
 .text          0x00007190        0x4 c:/users/pat spagnardi/appdata/local/arduino15/packages/arduino/tools/arm-none-eabi-gcc/4.8.3-2014q1/bin/../lib/gcc/arm-none-eabi/4.8.3/armv6-m\libgcc.a(_dvmd_tls.o)
                0x00007190                __aeabi_idiv0
                0x00007190                __aeabi_ldiv0
 .text.__aeabi_atexit
                0x00007194        0xe c:/users/pat spagnardi/appdata/local/arduino15/packages/arduino/tools/arm-none-eabi-gcc/4.8.3-2014q1/bin/../lib/gcc/arm-none-eabi/4.8.3/../../../../arm-none-eabi/lib/armv6-m\libc_s.a(lib_a-aeabi_atexit.o)
                0x00007194                __aeabi_atexit
 *fill*         0x000071a2        0x2 
 .text.__cxa_atexit